******************************************************************************
                  TI ARM Linker PC v15.12.4                    
******************************************************************************
>> Linked Tue Mar 14 00:29:12 2017

OUTPUT FILE NAME:   <MobileRobotTIVA.out>
ENTRY POINT SYMBOL: "_c_int00"  address: 00006671


MEMORY CONFIGURATION

         name            origin    length      used     unused   attr    fill
----------------------  --------  ---------  --------  --------  ----  --------
  FLASH                 00000000   00100000  0000c07b  000f3f85  R  X
  SRAM                  20000000   00040000  00007c94  0003836c  RW X


SEGMENT ALLOCATION MAP

run origin  load origin   length   init length attrs members
----------  ----------- ---------- ----------- ----- -------
00000000    00000000    0000c084   0000c084    r-x
  00000000    00000000    0000003c   0000003c    r-- .resetVecs
  00000040    00000040    000095e2   000095e2    r-x .text
  00009624    00009624    000024f1   000024f1    r-- .const
  0000bb18    0000bb18    0000056c   0000056c    r-- .cinit
20000000    20000000    00000360   00000000    rw-
  20000000    20000000    00000360   00000000    rw- .vecs
20000400    20000400    00007938   00000000    rw-
  20000400    20000400    00006eca   00000000    rw- .bss
  200072cc    200072cc    0000066a   00000000    rw- .data
  20007938    20007938    00000400   00000000    rw- .stack


SECTION ALLOCATION MAP

 output                                  attributes/
section   page    origin      length       input sections
--------  ----  ----------  ----------   ----------------
.text      0    00000040    000095e2     
                  00000040    00000430     sysbios.aem4f : BIOS.obj (.text:ti_sysbios_family_arm_m3_Hwi_excDumpRegs__I)
                  00000470    0000039a     cc3x00_host_driver.aem4f : driver.oem4f (.text:_SlDrvMsgRead)
                  0000080a    00000002     drivers_wifi_tivaware.aem4f : WiFiCC3100.oem4f (.text:CC3X00_NWP_enablePreamble)
                  0000080c    0000034c     ti.targets.arm.rtsarm.aem4f : System.oem4f (.text:xdc_runtime_System_doPrint__I)
                  00000b58    0000032a     empty.obj (.text:ReadAllRegisters)
                  00000e82    00000002     drivers_tivaware.aem4f : SPITivaDMA.oem4f (.text:SPITivaDMA_serviceISR)
                  00000e84    00000324     rtsv7M4_T_le_v4SPD16_eabi.lib : trgdrv.obj (.text)
                  000011a8    00000308     empty.obj (.text:main)
                  000014b0    000002a2     empty.obj (.text:WriteAllRegisters)
                  00001752    00000006     driverlib.lib : gpio.obj (.text:GPIOIntClear)
                  00001758    0000029f     empty.obj (.text:sendRequest)
                  000019f7    00000001     --HOLE-- [fill = 0]
                  000019f8    00000204     Boot.aem4f : Boot_sysctl.oem4f (.text:ti_catalog_arm_cortexm4_tiva_ce_Boot_sysCtlClockFreqSetI__I)
                  00001bfc    00000004     driverlib.lib : ssi.obj (.text:SSIIntClear)
                  00001c00    000001fc     sysbios.aem4f : BIOS.obj (.text:ti_sysbios_family_arm_m3_Hwi_excHandlerMax__I)
                  00001dfc    00000004     driverlib.lib : uart.obj (.text:UARTIntClear)
                  00001e00    000001bc     sockets.obj (.text:socketsStartUp)
                  00001fbc    00000004     drivers_wifi_tivaware.aem4f : osi_tirtos.oem4f (.text:mem_Malloc)
                  00001fc0    000001ac     empty_pem4f.oem4f (.text:xdc_runtime_System_printfExtend__I)
                  0000216c    00000004     sysbios.aem4f : BIOS.obj (.text:ti_sysbios_family_arm_lm4_Timer_masterEnable__I)
                  00002170    00000174                   : BIOS.obj (.text:ti_sysbios_family_arm_m3_Hwi_excBusFault__I)
                  000022e4    00000004     ti.targets.arm.rtsarm.aem4f : Error.oem4f (.text:xdc_runtime_Error_getSite__E)
                  000022e8    00000164     sysbios.aem4f : BIOS.obj (.text:ti_sysbios_family_arm_m3_Hwi_excUsageFault__I)
                  0000244c    00000004     ti.targets.arm.rtsarm.aem4f : System.oem4f (.text:xdc_runtime_System_aprintf_va__F)
                  00002450    0000015f     empty.obj (.text:tcpTask)
                  000025af    00000001     --HOLE-- [fill = 0]
                  000025b0    00000154     sysbios.aem4f : BIOS.obj (.text:ti_sysbios_knl_Semaphore_pend__E)
                  00002704    00000150     drivers_tivaware.aem4f : GPIOTiva.oem4f (.text:GPIO_setConfig)
                  00002854    00000150     cc3x00_host_driver.aem4f : driver.oem4f (.text:_SlDrvRxHdrRead)
                  000029a4    00000004     ti.targets.arm.rtsarm.aem4f : System.oem4f (.text:xdc_runtime_System_printf_va__F)
                  000029a8    00000149     sockets.obj (.text:setStationMode)
                  00002af1    00000001     --HOLE-- [fill = 0]
                  00002af2    00000002     rtsv7M4_T_le_v4SPD16_eabi.lib : i_div0.obj (.text)
                  00002af4    00000148     drivers_tivaware.aem4f : UARTTivaDMA.oem4f (.text:UARTTivaDMA_open)
                  00002c3c    00000004     --HOLE-- [fill = 0]
                  00002c40    00000148     sysbios.aem4f : BIOS.obj (.text:ti_sysbios_family_arm_m3_Hwi_excMemFault__I)
                  00002d88    00000130     driverlib.lib : gpio.obj (.text:GPIOPadConfigSet)
                  00002eb8    00000118     cc3x00_host_driver.aem4f : driver.oem4f (.text:_SlDrvMsgWrite)
                  00002fd0    00000118     ti.targets.arm.rtsarm.aem4f : Error.oem4f (.text:xdc_runtime_Error_policyDefault__E)
                  000030e8    00000108     sysbios.aem4f : BIOS.obj (.text:ti_sysbios_family_arm_lm4_Timer_start__E)
                  000031f0    00000100     ti.targets.arm.rtsarm.aem4f : Core-mem.oem4f (.text:xdc_runtime_Core_createObject__I)
                  000032f0    000000f8                                 : Startup.oem4f (.text:xdc_runtime_Startup_startMods__I)
                  000033e8    000000f4     sysbios.aem4f : m3_Hwi_asm.obj (.text:ti_sysbios_family_arm_m3_Hwi_dispatch__I)
                  000034dc    000000ec     cc3x00_host_driver.aem4f : driver.oem4f (.text:_SlDrvDriverCBInit)
                  000035c8    000000e0     sysbios.aem4f : BIOS.obj (.text:ti_sysbios_knl_Task_sleep__E)
                  000036a8    000000dc     EK_TM4C129EXL.obj (.text:EK_TM4C129EXL_initGeneral)
                  00003784    000000dc     cc3x00_host_driver.aem4f : socket.oem4f (.text:sl_Accept)
                  00003860    000000d8     drivers_tivaware.aem4f : SPITivaDMA.oem4f (.text:SPITivaDMA_open)
                  00003938    000000d4     sysbios.aem4f : BIOS.obj (.text:ti_sysbios_knl_Mailbox_Instance_init__E)
                  00003a0c    000000d0     cc3x00_host_driver.aem4f : driver.oem4f (.text:_SlDrvWaitForPoolObj)
                  00003adc    00000004     --HOLE-- [fill = 0]
                  00003ae0    000000cc     sysbios.aem4f : BIOS.obj (.text:ti_sysbios_heaps_HeapMem_alloc__E)
                  00003bac    00000004     --HOLE-- [fill = 0]
                  00003bb0    000000cc                   : BIOS.obj (.text:ti_sysbios_knl_Task_Instance_init__E)
                  00003c7c    000000cc     ti.targets.arm.rtsarm.aem4f : Core-smem.oem4f (.text:xdc_runtime_Core_constructObject__I)
                  00003d48    000000c8     empty.obj (.text:CRC16)
                  00003e10    000000c8     cc3x00_host_driver.aem4f : driver.oem4f (.text:_SlDrvReleasePoolObj)
                  00003ed8    000000c0     drivers_tivaware.aem4f : SPITivaDMA.oem4f (.text:SPITivaDMA_configDMA)
                  00003f98    000000bc     sysbios.aem4f : BIOS.obj (.text:ti_sysbios_family_arm_m3_Hwi_excDebugMon__I)
                  00004054    00000004     --HOLE-- [fill = 0]
                  00004058    000000bc                   : BIOS.obj (.text:ti_sysbios_family_arm_m3_Hwi_excHardFault__I)
                  00004114    00000004     --HOLE-- [fill = 0]
                  00004118    000000bc                   : BIOS.obj (.text:ti_sysbios_knl_Task_Instance_finalize__E)
                  000041d4    00000004     --HOLE-- [fill = 0]
                  000041d8    000000b8     EK_TM4C129EXL.obj (.text:EK_TM4C129EXL_initWiFi)
                  00004290    000000b8     empty.obj (.text:SPI_DRV8711_ReadWrite)
                  00004348    000000b4     cc3x00_host_driver.aem4f : netapp.oem4f (.text:_SlDrvNetAppEventHandler)
                  000043fc    00000004     --HOLE-- [fill = 0]
                  00004400    000000b4     sysbios.aem4f : BIOS.obj (.text:ti_sysbios_knl_Task_checkStacks__E)
                  000044b4    000000ac     cc3x00_host_driver.aem4f : driver.oem4f (.text:_SlDrvDataWriteOp)
                  00004560    000000ac     sysbios.aem4f : BIOS.obj (.text:ti_sysbios_family_arm_lm4_Timer_enableTiva__I)
                  0000460c    000000a4     drivers_tivaware.aem4f : SPITivaDMA.oem4f (.text:SPITivaDMA_initHw)
                  000046b0    000000a4     cc3x00_host_driver.aem4f : socket.oem4f (.text:sl_Send)
                  00004754    000000a0     auto_init.aem4f : auto_init.oem4f (.text)
                  000047f4    000000a0     ti.targets.arm.rtsarm.aem4f : Text.oem4f (.text:xdc_runtime_Text_putMod__E)
                  00004894    0000009c     rtsv7M4_T_le_v4SPD16_eabi.lib : memcpy_t2.obj (.text)
                  00004930    0000009c     sysbios.aem4f : BIOS.obj (.text:ti_sysbios_knl_Task_postInit__I)
                  000049cc    00000004     --HOLE-- [fill = 0]
                  000049d0    0000009a     EK_TM4C129EXL.obj (.text:EK_TM4C129EXL_initSPI)
                  00004a6a    00000002     --HOLE-- [fill = 0]
                  00004a6c    0000009a     ti.targets.arm.rtsarm.aem4f : Text.oem4f (.text:xdc_runtime_Text_putSite__E)
                  00004b06    00000002     --HOLE-- [fill = 0]
                  00004b08    00000098     drivers_tivaware.aem4f : UARTTivaDMA.oem4f (.text:UARTTivaDMA_configDMA)
                  00004ba0    00000098     cc3x00_host_driver.aem4f : driver.oem4f (.text:_SlDrvMsgReadCmdCtx)
                  00004c38    00000098                              : device.oem4f (.text:sl_Stop)
                  00004cd0    00000098     Boot.aem4f : Boot.oem4f (.text:ti_catalog_arm_cortexm4_tiva_ce_Boot_sysCtlClockFreqSet__E)
                  00004d68    00000095     EK_TM4C129EXL.obj (.text:EK_TM4C129EXL_initDMA)
                  00004dfd    00000003     --HOLE-- [fill = 0]
                  00004e00    00000094     cc3x00_host_driver.aem4f : driver.oem4f (.text:_SlFindAndSetActiveObj)
                  00004e94    00000004     --HOLE-- [fill = 0]
                  00004e98    00000094     sysbios.aem4f : BIOS.obj (.text:ti_sysbios_family_arm_m3_Hwi_Instance_init__E)
                  00004f2c    00000004     --HOLE-- [fill = 0]
                  00004f30    00000094                   : BIOS.obj (.text:ti_sysbios_family_arm_m3_Hwi_initNVIC__E)
                  00004fc4    00000090     cc3x00_host_driver.aem4f : driver.oem4f (.text:_SlDrvDriverCBDeinit)
                  00005054    00000090                              : device.oem4f (.text:sl_Start)
                  000050e4    0000008c     drivers_tivaware.aem4f : GPIOTiva.oem4f (.text:GPIO_init)
                  00005170    0000008c     drivers_wifi_tivaware.aem4f : WiFiCC3100.oem4f (.text:WiFiCC3100_open)
                  000051fc    0000008c     sysbios.aem4f : m3_TaskSupport_asm.obj (.text:ti_sysbios_family_arm_m3_TaskSupport_buildTaskStack)
                  00005288    00000088                   : BIOS.obj (.text:ti_sysbios_knl_Mailbox_post__E)
                  00005310    00000084                   : BIOS.obj (.text:ti_sysbios_family_arm_m3_Hwi_postInit__I)
                  00005394    00000084     driverlib.lib : udma.obj (.text:uDMAChannelTransferSet)
                  00005418    00000080     empty.obj (.text:MotorFxn)
                  00005498    00000080     drivers_tivaware.aem4f : UARTTivaDMA.oem4f (.text:UARTTivaDMA_hwiIntFxn)
                  00005518    0000007c     cc3x00_host_driver.aem4f : netcfg.oem4f (.text:sl_NetCfgGet)
                  00005594    00000004     --HOLE-- [fill = 0]
                  00005598    0000007c     sysbios.aem4f : BIOS.obj (.text:ti_sysbios_heaps_HeapMem_free__E)
                  00005614    0000007a     rtsv7M4_T_le_v4SPD16_eabi.lib : memset_t2.obj (.text)
                  0000568e    00000002     --HOLE-- [fill = 0]
                  00005690    00000078     drivers_wifi_tivaware.aem4f : osi_tirtos.oem4f (.text:VStartSimpleLinkSpawnTask)
                  00005708    00000074     cc3x00_host_driver.aem4f : driver.oem4f (.text:_SlDrvClassifyRxMsg)
                  0000577c    00000004     --HOLE-- [fill = 0]
                  00005780    00000074     sysbios.aem4f : BIOS.obj (.text:ti_sysbios_knl_Mailbox_pend__E)
                  000057f4    00000070     cc3x00_host_driver.aem4f : driver.oem4f (.text:_SlDrvCmdOp)
                  00005864    00000070                              : wlan.oem4f (.text:sl_WlanSmartConfigStart)
                  000058d4    00000004     --HOLE-- [fill = 0]
                  000058d8    00000070     sysbios.aem4f : BIOS.obj (.text:ti_sysbios_knl_Mailbox_Instance_finalize__E)
                  00005948    00000070                   : BIOS.obj (.text:ti_sysbios_knl_Semaphore_post__E)
                  000059b8    0000006d     ti.targets.arm.rtsarm.aem4f : System.oem4f (.text:xdc_runtime_System_formatNum__I)
                  00005a25    00000003     --HOLE-- [fill = 0]
                  00005a28    0000006c     cc3x00_host_driver.aem4f : driver.oem4f (.text:_SlDrvMsgReadSpawnCtx)
                  00005a94    00000004     --HOLE-- [fill = 0]
                  00005a98    0000006c     sysbios.aem4f : BIOS.obj (.text:ti_sysbios_knl_Clock_workFunc__E)
                  00005b04    00000004     --HOLE-- [fill = 0]
                  00005b08    0000006c                   : BIOS.obj (.text:ti_sysbios_knl_Swi_restoreHwi__E)
                  00005b74    00000004     --HOLE-- [fill = 0]
                  00005b78    0000006c                   : BIOS.obj (.text:ti_sysbios_knl_Task_exit__E)
                  00005be4    0000006c     ti.targets.arm.rtsarm.aem4f : Error.oem4f (.text:xdc_runtime_Error_print__E)
                  00005c50    0000006c                                 : Memory.oem4f (.text:xdc_runtime_Memory_alloc__E)
                  00005cbc    0000006a     rtsv7M4_T_le_v4SPD16_eabi.lib : copy_decompress_rle.obj (.text)
                  00005d26    00000002     --HOLE-- [fill = 0]
                  00005d28    00000068                                   : trgmsg.obj (.text)
                  00005d90    00000068     empty_pem4f.oem4f (.text:ti_sysbios_family_arm_m3_Hwi_create)
                  00005df8    00000068     empty_pem4f.oem4f (.text:ti_sysbios_knl_Mailbox_create)
                  00005e60    00000066     drivers_tivaware.aem4f : UARTTivaDMA.oem4f (.text:UARTTivaDMA_readPolling)
                  00005ec6    00000066     ti.targets.arm.rtsarm.aem4f : Core-mem.oem4f (.text:xdc_runtime_Core_deleteObject__I)
                  00005f2c    00000064     drivers_tivaware.aem4f : GPIOTiva.oem4f (.text:GPIO_hwiIntFxn)
                  00005f90    00000064     cc3x00_host_driver.aem4f : netapp.oem4f (.text:_sl_HandleAsync_DnsGetHostByName)
                  00005ff4    00000064     drivers_wifi_tivaware.aem4f : WiFiCC3100.oem4f (.text:spi_Read)
                  00006058    00000064                                 : WiFiCC3100.oem4f (.text:spi_Write)
                  000060bc    00000004     --HOLE-- [fill = 0]
                  000060c0    00000064     sysbios.aem4f : BIOS.obj (.text:ti_sysbios_family_arm_lm4_Timer_Module_startup__E)
                  00006124    00000004     --HOLE-- [fill = 0]
                  00006128    00000064                   : BIOS.obj (.text:ti_sysbios_family_arm_m3_Hwi_dispatchC__I)
                  0000618c    00000004     --HOLE-- [fill = 0]
                  00006190    00000062     EK_TM4C129EXL.obj (.text:EK_TM4C129EXL_initUART)
                  000061f2    00000062     drivers_tivaware.aem4f : SPITivaDMA.oem4f (.text:SPITivaDMA_transfer)
                  00006254    00000060     cc3x00_host_driver.aem4f : netapp.oem4f (.text:_sl_HandleAsync_DnsGetHostByService)
                  000062b4    00000060                              : device.oem4f (.text:_sl_HandleAsync_InitComplete)
                  00006314    00000060                              : netapp.oem4f (.text:_sl_HandleAsync_PingResponse)
                  00006374    00000004     --HOLE-- [fill = 0]
                  00006378    00000060     empty_pem4f.oem4f (.text:ti_sysbios_knl_Task_create)
                  000063d8    00000060     sysbios.aem4f : BIOS.obj (.text:ti_sysbios_knl_Task_schedule__I)
                  00006438    0000005c     empty_pem4f.oem4f (.text:ti_sysbios_family_arm_m3_Hwi_construct)
                  00006494    00000004     --HOLE-- [fill = 0]
                  00006498    0000005c     sysbios.aem4f : BIOS.obj (.text:ti_sysbios_knl_Swi_run__I)
                  000064f4    00000004     --HOLE-- [fill = 0]
                  000064f8    0000005c                   : BIOS.obj (.text:ti_sysbios_knl_Swi_schedule__I)
                  00006554    00000004     --HOLE-- [fill = 0]
                  00006558    0000005c                   : BIOS.obj (.text:ti_sysbios_knl_Task_Module_startup__E)
                  000065b4    00000004     --HOLE-- [fill = 0]
                  000065b8    0000005c                   : BIOS.obj (.text:ti_sysbios_knl_Task_startCore__E)
                  00006614    0000005b     ti.targets.arm.rtsarm.aem4f : Text.oem4f (.text:xdc_runtime_Text_putLab__E)
                  0000666f    00000001     --HOLE-- [fill = 0]
                  00006670    00000058     boot.aem4f : boot.oem4f (.text)
                  000066c8    00000058     cc3x00_host_driver.aem4f : driver.oem4f (.text:_SlDrvCmdSend)
                  00006720    00000058                              : netapp.oem4f (.text:_sl_NetAppSendTokenValue)
                  00006778    00000058                              : socket.oem4f (.text:sl_Bind)
                  000067d0    00000058     sysbios.aem4f : m3_Hwi_asm_switch.obj (.text:ti_sysbios_family_arm_m3_Hwi_initStacks__E)
                  00006828    00000056     driverlib.lib : gpio.obj (.text:GPIOIntTypeSet)
                  0000687e    00000056     drivers_tivaware.aem4f : UARTTivaDMA.oem4f (.text:UARTTivaDMA_read)
                  000068d4    00000056                            : UARTTivaDMA.oem4f (.text:UARTTivaDMA_write)
                  0000692a    00000006     driverlib.lib : gpio.obj (.text:GPIOPinWrite)
                  00006930    00000056     empty_pem4f.oem4f (.text:ti_sysbios_knl_Task_construct)
                  00006986    00000002     --HOLE-- [fill = 0]
                  00006988    00000054     rtsv7M4_T_le_v4SPD16_eabi.lib : exit.obj (.text)
                  000069dc    00000004     --HOLE-- [fill = 0]
                  000069e0    00000054     sysbios.aem4f : BIOS.obj (.text:ti_sysbios_family_arm_lm4_Timer_initDevice__I)
                  00006a34    00000054     ti.targets.arm.rtsarm.aem4f : Assert.oem4f (.text:xdc_runtime_Assert_raise__I)
                  00006a88    00000050     drivers_tivaware.aem4f : GPIOTiva.oem4f (.text:GPIO_setCallback)
                  00006ad8    00000050                            : GPIOTiva.oem4f (.text:GPIO_write)
                  00006b28    00000050     driverlib.lib : sysctl.obj (.text:SysCtlPeripheralReset)
                  00006b78    00000050     Boot.aem4f : Boot_sysctl.oem4f (.text:_SysCtlFrequencyGet)
                  00006bc8    00000050     cc3x00_host_driver.aem4f : socket.oem4f (.text:_sl_HandleAsync_Connect)
                  00006c18    00000050                              : netcfg.oem4f (.text:sl_NetCfgSet)
                  00006c68    00000050     sysbios.aem4f : BIOS.obj (.text:ti_sysbios_family_arm_m3_Hwi_Module_startup__E)
                  00006cb8    00000050     ti.targets.arm.rtsarm.aem4f : Startup.oem4f (.text:xdc_runtime_Startup_exec__E)
                  00006d08    00000050                                 : Text.oem4f (.text:xdc_runtime_Text_visitRope2__I)
                  00006d58    0000004c     cc3x00_host_driver.aem4f : device.oem4f (.text:_SlDrvDeviceEventHandler)
                  00006da4    0000004c                              : socket.oem4f (.text:_sl_HandleAsync_Accept)
                  00006df0    0000004c     rtsv7M4_T_le_v4SPD16_eabi.lib : cpy_tbl.obj (.text)
                  00006e3c    00000004     --HOLE-- [fill = 0]
                  00006e40    0000004c     sysbios.aem4f : BIOS.obj (.text:ti_sysbios_heaps_HeapMem_getStats__E)
                  00006e8c    00000004     --HOLE-- [fill = 0]
                  00006e90    0000004c                   : BIOS.obj (.text:ti_sysbios_knl_Swi_runLoop__I)
                  00006edc    00000004     --HOLE-- [fill = 0]
                  00006ee0    0000004c                   : BIOS.obj (.text:ti_sysbios_knl_Task_allBlockedFunction__I)
                  00006f2c    00000048     driverlib.lib : gpio.obj (.text:GPIOPinConfigure)
                  00006f74    00000048     cc3x00_host_driver.aem4f : driver.oem4f (.text:_SlRemoveFromList)
                  00006fbc    00000004     --HOLE-- [fill = 0]
                  00006fc0    00000048     sysbios.aem4f : BIOS.obj (.text:ti_sysbios_family_arm_lm4_Timer_enableTimers__I)
                  00007008    00000048                   : BIOS.obj (.text:ti_sysbios_family_arm_m3_Hwi_disableInterrupt__E)
                  00007050    00000048                   : BIOS.obj (.text:ti_sysbios_family_arm_m3_Hwi_enableInterrupt__E)
                  00007098    00000048                   : BIOS.obj (.text:ti_sysbios_family_arm_m3_Hwi_excReserved__I)
                  000070e0    00000048                   : BIOS.obj (.text:ti_sysbios_knl_Mailbox_Module_startup__E)
                  00007128    00000046     ti.targets.arm.rtsarm.aem4f : Core-params.oem4f (.text:xdc_runtime_Core_assignParams__I)
                  0000716e    00000044     drivers_tivaware.aem4f : SPITivaDMA.oem4f (.text:SPITivaDMA_hwiFxn)
                  000071b2    00000002     --HOLE-- [fill = 0]
                  000071b4    00000044     cc3x00_host_driver.aem4f : driver.oem4f (.text:_SlAsyncEventGenericHandler)
                  000071f8    00000044                              : wlan.oem4f (.text:sl_WlanPolicySet)
                  0000723c    00000004     --HOLE-- [fill = 0]
                  00007240    00000044     sysbios.aem4f : BIOS.obj (.text:ti_sysbios_family_arm_lm4_Timer_isrStub__E)
                  00007284    00000004     --HOLE-- [fill = 0]
                  00007288    00000044                   : BIOS.obj (.text:ti_sysbios_family_arm_m3_Hwi_getStackInfo__E)
                  000072cc    00000004     --HOLE-- [fill = 0]
                  000072d0    00000044                   : BIOS.obj (.text:ti_sysbios_knl_Mailbox_postInit__I)
                  00007314    00000004     --HOLE-- [fill = 0]
                  00007318    00000044                   : BIOS.obj (.text:ti_sysbios_knl_Swi_post__E)
                  0000735c    00000044     ti.targets.arm.rtsarm.aem4f : Error.oem4f (.text:xdc_runtime_Error_setX__E)
                  000073a0    00000044                                 : SysMin.oem4f (.text:xdc_runtime_SysMin_flush__E)
                  000073e4    00000044                                 : Text.oem4f (.text:xdc_runtime_Text_xprintf__I)
                  00007428    00000042     drivers_tivaware.aem4f : SPITivaDMA.oem4f (.text:SPITivaDMA_transferCancel)
                  0000746a    00000042     driverlib.lib : uart.obj (.text:UARTConfigSetExpClk)
                  000074ac    00000042     drivers_tivaware.aem4f : UARTTivaDMA.oem4f (.text:UARTTivaDMA_writePolling)
                  000074ee    00000002     --HOLE-- [fill = 0]
                  000074f0    00000040     cc3x00_host_driver.aem4f : driver.oem4f (.text:_SlDrvRxIrqHandler)
                  00007530    00000040                              : socket.oem4f (.text:_sl_HandleAsync_Select)
                  00007570    00000040     drivers_wifi_tivaware.aem4f : osi_tirtos.oem4f (.text:osi_LockObjLock)
                  000075b0    00000040                                 : osi_tirtos.oem4f (.text:osi_SyncObjCreate)
                  000075f0    00000040                                 : osi_tirtos.oem4f (.text:osi_SyncObjWait)
                  00007630    00000040     rtsv7M4_T_le_v4SPD16_eabi.lib : u_divt2.obj (.text)
                  00007670    00000040     sysbios.aem4f : BIOS.obj (.text:ti_sysbios_family_arm_lm4_Timer_startup__E)
                  000076b0    00000040                   : BIOS.obj (.text:ti_sysbios_heaps_HeapMem_Instance_init__E)
                  000076f0    0000003c     drivers_tivaware.aem4f : SPITivaDMA.oem4f (.text:SPITivaDMA_close)
                  0000772c    0000003c     driverlib.lib : ssi.obj (.text:SSIConfigSetExpClk)
                  00007768    0000003c     drivers_tivaware.aem4f : UARTTivaDMA.oem4f (.text:UARTTivaDMA_close)
                  000077a4    0000003c                            : WiFi.oem4f (.text:WiFi_open)
                  000077e0    0000003c     cc3x00_host_driver.aem4f : device.oem4f (.text:_sl_HandleAsync_Stop)
                  0000781c    00000004     --HOLE-- [fill = 0]
                  00007820    0000003c     EK_TM4C129EXL.obj (.text:dmaErrorHwi)
                  0000785c    00000004     --HOLE-- [fill = 0]
                  00007860    0000003c     sysbios.aem4f : BIOS.obj (.text:ti_sysbios_family_arm_m3_Hwi_excSvCall__I)
                  0000789c    00000004     --HOLE-- [fill = 0]
                  000078a0    0000003c                   : BIOS.obj (.text:ti_sysbios_heaps_HeapMem_init__I)
                  000078dc    00000004     --HOLE-- [fill = 0]
                  000078e0    0000003c                   : BIOS.obj (.text:ti_sysbios_knl_Swi_restore__E)
                  0000791c    00000038     drivers_tivaware.aem4f : SPI.oem4f (.text:SPI_init)
                  00007954    00000004     --HOLE-- [fill = 0]
                  00007958    00000038     sockets.obj (.text:SimpleLinkWlanEventHandler)
                  00007990    00000038     drivers_tivaware.aem4f : UART.oem4f (.text:UART_init)
                  000079c8    00000038                            : WiFi.oem4f (.text:WiFi_init)
                  00007a00    00000038     drivers_wifi_tivaware.aem4f : osi_tirtos.oem4f (.text:osi_LockObjCreate)
                  00007a38    00000038     cc3x00_host_driver.aem4f : socket.oem4f (.text:sl_Htonl)
                  00007a70    00000038     drivers_wifi_tivaware.aem4f : WiFiCC3100.oem4f (.text:spi_Open)
                  00007aa8    00000038     sysbios.aem4f : BIOS.obj (.text:ti_sysbios_family_arm_m3_Hwi_excNoIsr__I)
                  00007ae0    00000038                   : BIOS.obj (.text:ti_sysbios_knl_Task_processVitalTaskFlag__I)
                  00007b18    00000038     ti.targets.arm.rtsarm.aem4f : SysMin.oem4f (.text:xdc_runtime_SysMin_putch__E)
                  00007b50    00000038                                 : System.oem4f (.text:xdc_runtime_System_atexit__E)
                  00007b88    00000036     empty_pem4f.oem4f (.text:ti_sysbios_knl_Semaphore_create)
                  00007bbe    00000002     --HOLE-- [fill = 0]
                  00007bc0    00000035     sockets.obj (.text:SimpleLinkGeneralEventHandler)
                  00007bf5    00000003     --HOLE-- [fill = 0]
                  00007bf8    00000034     driverlib.lib : sysctl.obj (.text:SysCtlPeripheralEnable)
                  00007c2c    00000034     cc3x00_host_driver.aem4f : driver.oem4f (.text:_SlDrvBasicCmd)
                  00007c60    00000034                              : driver.oem4f (.text:_SlDrvProtectAsyncRespSetting)
                  00007c94    00000034                              : socket.oem4f (.text:sl_Htons)
                  00007cc8    00000034     sysbios.aem4f : BIOS.obj (.text:ti_sysbios_family_arm_m3_Hwi_Instance_finalize__E)
                  00007cfc    00000004     --HOLE-- [fill = 0]
                  00007d00    00000034                   : BIOS.obj (.text:ti_sysbios_family_arm_m3_Hwi_excNmi__I)
                  00007d34    00000004     --HOLE-- [fill = 0]
                  00007d38    00000034                   : BIOS.obj (.text:ti_sysbios_hal_Hwi_checkStack)
                  00007d6c    00000034     ti.targets.arm.rtsarm.aem4f : Core-label.oem4f (.text:xdc_runtime_Core_assignLabel__I)
                  00007da0    00000033                                 : Text.oem4f (.text:xdc_runtime_Text_printVisFxn__I)
                  00007dd3    00000005     --HOLE-- [fill = 0]
                  00007dd8    00000032     empty_pem4f.oem4f (.text:ti_sysbios_BIOS_atExitFunc__I)
                  00007e0a    00000006     drivers_tivaware.aem4f : SPITivaDMA.oem4f (.text:SPITivaDMA_control)
                  00007e10    00000032     empty_pem4f.oem4f (.text:ti_sysbios_gates_GateHwi_Object__create__S)
                  00007e42    00000006     drivers_tivaware.aem4f : SPITivaDMA.oem4f (.text:SPITivaDMA_transferCallback)
                  00007e48    00000032     empty_pem4f.oem4f (.text:ti_sysbios_gates_GateMutex_Object__create__S)
                  00007e7a    00000006     driverlib.lib : uart.obj (.text:UARTFIFOLevelSet)
                  00007e80    00000032     sysbios.aem4f : BIOS.obj (.text:ti_sysbios_hal_Hwi_initStack)
                  00007eb2    00000006     drivers_tivaware.aem4f : UARTTivaDMA.oem4f (.text:UARTTivaDMA_control)
                  00007eb8    00000032     empty_pem4f.oem4f (.text:ti_sysbios_heaps_HeapMem_Object__create__S)
                  00007eea    00000006     drivers_wifi_tivaware.aem4f : WiFiCC3100.oem4f (.text:WiFiCC3100_control)
                  00007ef0    00000032     empty_pem4f.oem4f (.text:ti_sysbios_knl_Semaphore_construct)
                  00007f22    00000002     --HOLE-- [fill = 0]
                  00007f24    00000030     drivers_tivaware.aem4f : SPI.oem4f (.text:SPI_open)
                  00007f54    00000030                            : UART.oem4f (.text:UART_open)
                  00007f84    00000030     drivers_wifi_tivaware.aem4f : WiFiCC3100.oem4f (.text:registerInterruptHandler)
                  00007fb4    00000030     cc3x00_host_driver.aem4f : socket.oem4f (.text:sl_Socket)
                  00007fe4    00000004     --HOLE-- [fill = 0]
                  00007fe8    00000030     sysbios.aem4f : BIOS.obj (.text:ti_sysbios_family_arm_lm4_Timer_stop__E)
                  00008018    00000030                   : BIOS.obj (.text:ti_sysbios_family_arm_m3_TaskSupport_start__E)
                  00008048    00000030                   : BIOS.obj (.text:ti_sysbios_gates_GateMutex_enter__E)
                  00008078    00000030                   : BIOS.obj (.text:ti_sysbios_knl_Semaphore_pendTimeout__I)
                  000080a8    00000030                   : BIOS.obj (.text:ti_sysbios_knl_Task_unblockI__E)
                  000080d8    00000030     ti.targets.arm.rtsarm.aem4f : SysMin.oem4f (.text:xdc_runtime_SysMin_abort__E)
                  00008108    00000030                                 : System.oem4f (.text:xdc_runtime_System_processAtExit__E)
                  00008138    0000002e     empty_pem4f.oem4f (.text:malloc)
                  00008166    0000002e     drivers_tivaware.aem4f : UARTTivaDMA.oem4f (.text:readCancel)
                  00008194    00000004     --HOLE-- [fill = 0]
                  00008198    0000002e     empty_pem4f.oem4f (.text:ti_sysbios_knl_Queue_construct)
                  000081c6    0000002e     drivers_tivaware.aem4f : UARTTivaDMA.oem4f (.text:writeCancel)
                  000081f4    00000004     --HOLE-- [fill = 0]
                  000081f8    0000002c     empty_pem4f.oem4f (.text:ti_sysbios_knl_Clock_doTick__I)
                  00008224    00000004     --HOLE-- [fill = 0]
                  00008228    0000002c     sysbios.aem4f : BIOS.obj (.text:ti_sysbios_knl_Task_restore__E)
                  00008254    0000002c     driverlib.lib : udma.obj (.text:uDMAChannelAssign)
                  00008280    0000002c     ti.targets.arm.rtsarm.aem4f : Text.oem4f (.text:xdc_runtime_Text_cordText__E)
                  000082ac    0000002a     driverlib.lib : gpio.obj (.text:GPIODirModeSet)
                  000082d6    0000002a     drivers_wifi_tivaware.aem4f : WiFiCC3100.oem4f (.text:WiFiCC3100_close)
                  00008300    0000002a     cc3x00_host_driver.aem4f : socket.oem4f (.text:_sl_BuildAddress)
                  0000832a    00000006                              : driver.oem4f (.text:_SlDrvResetCmdExt)
                  00008330    0000002a     empty.obj (.text:send)
                  0000835a    0000002a     ti.targets.arm.rtsarm.aem4f : System.oem4f (.text:xdc_runtime_System_putchar__I)
                  00008384    00000028     cc3x00_host_driver.aem4f : socket.oem4f (.text:sl_Listen)
                  000083ac    00000004     --HOLE-- [fill = 0]
                  000083b0    00000028     empty_pem4f.oem4f (.text:ti_sysbios_BIOS_registerRTSLock__I)
                  000083d8    00000028     sysbios.aem4f : BIOS.obj (.text:ti_sysbios_knl_Swi_Module_startup__E)
                  00008400    00000026     empty.obj (.text:socket)
                  00008426    00000026     sysbios.aem4f : m3_Hwi_asm.obj (.text:ti_sysbios_family_arm_m3_Hwi_pendSV__I)
                  0000844c    00000004     --HOLE-- [fill = 0]
                  00008450    00000026     empty_pem4f.oem4f (.text:ti_sysbios_gates_GateMutex_Object__delete__S)
                  00008476    00000002     --HOLE-- [fill = 0]
                  00008478    00000026     empty_pem4f.oem4f (.text:ti_sysbios_knl_Semaphore_Object__delete__S)
                  0000849e    00000026     ti.targets.arm.rtsarm.aem4f : System.oem4f (.text:xdc_runtime_System_avprintf__E)
                  000084c4    00000004     --HOLE-- [fill = 0]
                  000084c8    00000024     sockets.obj (.text:SimpleLinkNetAppEventHandler)
                  000084ec    00000024     drivers_wifi_tivaware.aem4f : osi_tirtos.oem4f (.text:osi_Spawn)
                  00008510    00000024     cc3x00_host_driver.aem4f : socket.oem4f (.text:sl_Close)
                  00008534    00000024                              : wlan.oem4f (.text:sl_WlanSetMode)
                  00008558    00000024     empty_pem4f.oem4f (.text:ti_sysbios_BIOS_removeRTSLock__I)
                  0000857c    00000004     --HOLE-- [fill = 0]
                  00008580    00000024     empty_pem4f.oem4f (.text:ti_sysbios_BIOS_startFunc__I)
                  000085a4    00000004     --HOLE-- [fill = 0]
                  000085a8    00000024     sysbios.aem4f : BIOS.obj (.text:ti_sysbios_knl_Clock_Module_startup__E)
                  000085cc    00000004     --HOLE-- [fill = 0]
                  000085d0    00000024     empty_pem4f.oem4f (.text:ti_sysbios_knl_Mailbox_Object__delete__S)
                  000085f4    00000004     --HOLE-- [fill = 0]
                  000085f8    00000024     sysbios.aem4f : BIOS.obj (.text:ti_sysbios_knl_Semaphore_Instance_init__E)
                  0000861c    00000004     --HOLE-- [fill = 0]
                  00008620    00000024     empty_pem4f.oem4f (.text:ti_sysbios_knl_Task_Object__delete__S)
                  00008644    00000004     --HOLE-- [fill = 0]
                  00008648    00000024     sysbios.aem4f : BIOS.obj (.text:ti_sysbios_knl_Task_restoreHwi__E)
                  0000866c    00000024     driverlib.lib : udma.obj (.text:uDMAChannelControlSet)
                  00008690    00000024                   : udma.obj (.text:uDMAChannelSizeGet)
                  000086b4    00000024     ti.targets.arm.rtsarm.aem4f : System.oem4f (.text:xdc_runtime_System_vprintf__E)
                  000086d8    00000022     empty.obj (.text:bind)
                  000086fa    00000006     rtsv7M4_T_le_v4SPD16_eabi.lib : copy_decompress_rle.obj (.text:decompress:rle24)
                  00008700    00000022     empty_pem4f.oem4f (.text:ti_sysbios_BIOS_errorRaiseHook__I)
                  00008722    00000006     ti.targets.arm.rtsarm.aem4f : System.oem4f (.text:xdc_runtime_System_Module_startup__E)
                  00008728    00000022     empty_pem4f.oem4f (.text:ti_sysbios_BIOS_rtsLock__I)
                  0000874a    00000006     --HOLE-- [fill = 0]
                  00008750    00000022     sysbios.aem4f : BIOS.obj (.text:ti_sysbios_family_arm_lm4_Timer_write__I)
                  00008772    00000006     --HOLE-- [fill = 0]
                  00008778    00000022     empty_pem4f.oem4f (.text:ti_sysbios_family_arm_m3_Hwi_Object__get__S)
                  0000879a    00000006     --HOLE-- [fill = 0]
                  000087a0    00000022     empty_pem4f.oem4f (.text:ti_sysbios_heaps_HeapMem_Object__get__S)
                  000087c2    00000006     --HOLE-- [fill = 0]
                  000087c8    00000022     empty_pem4f.oem4f (.text:ti_sysbios_knl_Semaphore_Object__destruct__S)
                  000087ea    00000006     --HOLE-- [fill = 0]
                  000087f0    00000022     empty_pem4f.oem4f (.text:ti_sysbios_knl_Swi_Object__get__S)
                  00008812    00000006     --HOLE-- [fill = 0]
                  00008818    00000022     empty_pem4f.oem4f (.text:xdc_runtime_SysMin_output__I)
                  0000883a    00000002     --HOLE-- [fill = 0]
                  0000883c    00000020     Boot.aem4f : Boot_sysctl.oem4f (.text:_SysCtlMemTimingGet)
                  0000885c    00000020     drivers_wifi_tivaware.aem4f : WiFiCC3100.oem4f (.text:hostDriverInterruptHandler)
                  0000887c    00000004     --HOLE-- [fill = 0]
                  00008880    00000020     empty_pem4f.oem4f (.text:ti_sysbios_family_arm_m3_Hwi_Object__destruct__S)
                  000088a0    00000020     sysbios.aem4f : BIOS.obj (.text:ti_sysbios_family_arm_m3_Hwi_clearInterrupt__E)
                  000088c0    00000020                   : m3_Hwi_asm.obj (.text:ti_sysbios_family_arm_m3_Hwi_excHandlerAsm__I)
                  000088e0    00000020                   : BIOS.obj (.text:ti_sysbios_family_arm_m3_Hwi_excHandler__I)
                  00008900    00000020     empty_pem4f.oem4f (.text:ti_sysbios_gates_GateHwi_Object__delete__S)
                  00008920    00000020     empty_pem4f.oem4f (.text:ti_sysbios_heaps_HeapMem_Object__delete__S)
                  00008940    00000020     sysbios.aem4f : BIOS.obj (.text:ti_sysbios_knl_Idle_run__E)
                  00008960    00000020     ti.targets.arm.rtsarm.aem4f : Registry.oem4f (.text:xdc_runtime_Registry_findById__E)
                  00008980    00000020                                 : SysMin.oem4f (.text:xdc_runtime_SysMin_Module_startup__E)
                  000089a0    0000001e     empty.obj (.text:accept)
                  000089be    0000001e     sysbios.aem4f : m3_Hwi_asm_switch.obj (.text:ti_sysbios_family_xxx_Hwi_switchAndRunFunc)
                  000089dc    0000001c     driverlib.lib : uart.obj (.text:UARTDisable)
                  000089f8    0000001c     cc3x00_host_driver.aem4f : driver.oem4f (.text:_SlDrvProtectionObjLockWaitForever)
                  00008a14    0000001c                              : socket.oem4f (.text:_sl_TruncatePayloadByProtocol)
                  00008a30    0000001c     drivers_tivaware.aem4f : GPIOTiva.oem4f (.text:getGpioIntIndex)
                  00008a4c    00000004     --HOLE-- [fill = 0]
                  00008a50    0000001c     sysbios.aem4f : BIOS.obj (.text:ti_sysbios_gates_GateMutex_Instance_init__E)
                  00008a6c    00000004     --HOLE-- [fill = 0]
                  00008a70    0000001c     empty_pem4f.oem4f (.text:ti_sysbios_knl_Queue_Object__destruct__S)
                  00008a8c    00000004     --HOLE-- [fill = 0]
                  00008a90    0000001c     sysbios.aem4f : BIOS.obj (.text:ti_sysbios_knl_Queue_get__E)
                  00008aac    00000004     --HOLE-- [fill = 0]
                  00008ab0    0000001c                   : BIOS.obj (.text:ti_sysbios_knl_Queue_put__E)
                  00008acc    00000004     --HOLE-- [fill = 0]
                  00008ad0    0000001c     empty_pem4f.oem4f (.text:ti_sysbios_knl_Task_Object__get__S)
                  00008aec    00000004     --HOLE-- [fill = 0]
                  00008af0    0000001c     sysbios.aem4f : BIOS.obj (.text:ti_sysbios_knl_Task_enter__I)
                  00008b0c    0000001c     drivers_wifi_tivaware.aem4f : osi_tirtos.oem4f (.text:vSimpleLinkSpawnTask)
                  00008b28    0000001c     ti.targets.arm.rtsarm.aem4f : Error.oem4f (.text:xdc_runtime_Error_raiseX__E)
                  00008b44    0000001c                                 : Memory.oem4f (.text:xdc_runtime_Memory_valloc__E)
                  00008b60    0000001c                                 : SysMin.oem4f (.text:xdc_runtime_SysMin_exit__E)
                  00008b7c    0000001c                                 : System.oem4f (.text:xdc_runtime_System_abort__E)
                  00008b98    0000001a     cc3x00_host_driver.aem4f : netapp.oem4f (.text:CopyPingResultsToReport)
                  00008bb2    00000006     --HOLE-- [fill = 0]
                  00008bb8    0000001a     sockets.obj (.text:SimpleLinkHttpServerCallback)
                  00008bd2    00000006     --HOLE-- [fill = 0]
                  00008bd8    0000001a     empty_pem4f.oem4f (.text:ti_sysbios_BIOS_rtsUnlock__I)
                  00008bf2    00000006     --HOLE-- [fill = 0]
                  00008bf8    0000001a     empty_pem4f.oem4f (.text:ti_sysbios_family_arm_m3_Hwi_Handle__label__S)
                  00008c12    00000006     --HOLE-- [fill = 0]
                  00008c18    0000001a     empty_pem4f.oem4f (.text:ti_sysbios_gates_GateHwi_Handle__label__S)
                  00008c32    00000006     --HOLE-- [fill = 0]
                  00008c38    0000001a     empty_pem4f.oem4f (.text:ti_sysbios_gates_GateMutex_Handle__label__S)
                  00008c52    00000006     --HOLE-- [fill = 0]
                  00008c58    0000001a     empty_pem4f.oem4f (.text:ti_sysbios_heaps_HeapMem_Handle__label__S)
                  00008c72    00000006     --HOLE-- [fill = 0]
                  00008c78    0000001a     empty_pem4f.oem4f (.text:ti_sysbios_knl_Swi_Handle__label__S)
                  00008c92    00000006     --HOLE-- [fill = 0]
                  00008c98    0000001a     empty_pem4f.oem4f (.text:ti_sysbios_knl_Task_Handle__label__S)
                  00008cb2    00000006     --HOLE-- [fill = 0]
                  00008cb8    0000001a     empty_pem4f.oem4f (.text:xdc_runtime_System_aprintf__E)
                  00008cd2    00000006     --HOLE-- [fill = 0]
                  00008cd8    0000001a     empty_pem4f.oem4f (.text:xdc_runtime_System_printf__E)
                  00008cf2    00000018     driverlib.lib : gpio.obj (.text:GPIOPinTypeGPIOOutput)
                  00008d0a    00000018     drivers_tivaware.aem4f : UARTTivaDMA.oem4f (.text:UARTTivaDMA_readCancel)
                  00008d22    00000018                            : UARTTivaDMA.oem4f (.text:UARTTivaDMA_writeCancel)
                  00008d3a    00000002     --HOLE-- [fill = 0]
                  00008d3c    00000018                            : UART.oem4f (.text:UART_Params_init)
                  00008d54    00000018     drivers_wifi_tivaware.aem4f : osi_tirtos.oem4f (.text:VDeleteSimpleLinkSpawnTask)
                  00008d6c    00000018                                 : WiFiCC3100.oem4f (.text:WiFiCC3100_init)
                  00008d84    00000018     cc3x00_host_driver.aem4f : driver.oem4f (.text:_SlDrvProtectionObjUnLock)
                  00008d9c    00000004     --HOLE-- [fill = 0]
                  00008da0    00000018     empty_pem4f.oem4f (.text:free)
                  00008db8    00000018     empty.obj (.text:listen)
                  00008dd0    00000018     rtsv7M4_T_le_v4SPD16_eabi.lib : args_main.obj (.text)
                  00008de8    00000018     drivers_wifi_tivaware.aem4f : WiFiCC3100.oem4f (.text:spi_Close)
                  00008e00    00000018     empty_pem4f.oem4f (.text:ti_sysbios_family_arm_lm4_Timer_Module__startupDone__F)
                  00008e18    00000018     empty_pem4f.oem4f (.text:ti_sysbios_family_arm_m3_Hwi_Module__startupDone__F)
                  00008e30    00000018     sysbios.aem4f : m3_TaskSupport_asm.obj (.text:ti_sysbios_family_arm_m3_TaskSupport_swap__E)
                  00008e48    00000018                   : BIOS.obj (.text:ti_sysbios_gates_GateMutex_leave__E)
                  00008e60    00000018                   : BIOS.obj (.text:ti_sysbios_knl_Task_sleepTimeout__I)
                  00008e78    00000018     driverlib.lib : udma.obj (.text:uDMAChannelDisable)
                  00008e90    00000018                   : udma.obj (.text:uDMAChannelEnable)
                  00008ea8    00000018                   : udma.obj (.text:uDMAChannelIsEnabled)
                  00008ec0    00000018     ti.targets.arm.rtsarm.aem4f : Error.oem4f (.text:xdc_runtime_Error_check__E)
                  00008ed8    00000018                                 : System.oem4f (.text:xdc_runtime_System_exit__E)
                  00008ef0    00000018                                 : Text.oem4f (.text:xdc_runtime_Text_ropeText__E)
                  00008f08    00000016     empty_pem4f.oem4f (.text:ti_sysbios_BIOS_exitFunc__I)
                  00008f1e    00000002     --HOLE-- [fill = 0]
                  00008f20    00000016     EK_TM4C129EXL.obj (.text:ti_sysbios_family_arm_m3_Hwi_Params_init)
                  00008f36    00000002     --HOLE-- [fill = 0]
                  00008f38    00000016     empty.obj (.text:ti_sysbios_knl_Semaphore_Params_init)
                  00008f4e    00000002     --HOLE-- [fill = 0]
                  00008f50    00000016     empty.obj (.text:ti_sysbios_knl_Task_Params_init)
                  00008f66    00000002     --HOLE-- [fill = 0]
                  00008f68    00000014     empty_pem4f.oem4f (.text:.bootCodeSection:ti_catalog_arm_cortexm4_tiva_ce_Boot_init__I)
                  00008f7c    00000014     drivers_wifi_tivaware.aem4f : WiFiCC3100.oem4f (.text:CC3X00_NWP_disable)
                  00008f90    00000014                                 : WiFiCC3100.oem4f (.text:CC3X00_NWP_enable)
                  00008fa4    00000014     drivers_tivaware.aem4f : SPI.oem4f (.text:SPI_Params_init)
                  00008fb8    00000014     sockets.obj (.text:SimpleLinkSockEventHandler)
                  00008fcc    00000014     driverlib.lib : uart.obj (.text:UARTEnable)
                  00008fe0    00000014     drivers_wifi_tivaware.aem4f : WiFiCC3100.oem4f (.text:cc3100_assertCS)
                  00008ff4    00000014                                 : WiFiCC3100.oem4f (.text:cc3100_deassertCS)
                  00009008    00000014                                 : osi_tirtos.oem4f (.text:osi_SyncObjClear)
                  0000901c    00000014     rtsv7M4_T_le_v4SPD16_eabi.lib : _lock.obj (.text)
                  00009030    00000014                                   : strcpy.obj (.text)
                  00009044    00000014                                   : strlen.obj (.text)
                  00009058    00000014     sockets.obj (.text:socketsShutDown)
                  0000906c    00000004     --HOLE-- [fill = 0]
                  00009070    00000014     sysbios.aem4f : BIOS.obj (.text:ti_sysbios_family_arm_m3_Hwi_switchFromBootStack__E)
                  00009084    00000012     driverlib.lib : gpio.obj (.text:GPIOPinTypeGPIOInput)
                  00009096    00000012                   : gpio.obj (.text:GPIOPinTypeSSI)
                  000090a8    00000012                   : gpio.obj (.text:GPIOPinTypeUART)
                  000090ba    00000012                   : ssi.obj (.text:SSIDataGetNonBlocking)
                  000090cc    00000012     cc3x00_host_driver.aem4f : driver.oem4f (.text:_SlDrvObjLockWaitForever)
                  000090de    00000012                              : driver.oem4f (.text:_SlDrvSyncObjWaitForever)
                  000090f0    00000012     sysbios.aem4f : BIOS.obj (.text:ti_sysbios_hal_Hwi_Module_startup__E)
                  00009102    00000006     --HOLE-- [fill = 0]
                  00009108    00000012     empty_pem4f.oem4f (.text:xdc_runtime_Startup_exec__I)
                  0000911a    00000002     --HOLE-- [fill = 0]
                  0000911c    00000010     drivers_wifi_tivaware.aem4f : WiFiCC3100.oem4f (.text:CC3X00_NWP_maskInterrupt)
                  0000912c    00000010                                 : WiFiCC3100.oem4f (.text:CC3X00_NWP_unMaskInterrupt)
                  0000913c    00000010     drivers_tivaware.aem4f : WiFi.oem4f (.text:WiFi_Params_init)
                  0000914c    00000010     cc3x00_host_driver.aem4f : device.oem4f (.text:_sl_GetStartResponseConvert)
                  0000915c    00000004     --HOLE-- [fill = 0]
                  00009160    00000010     empty.obj (.text:close)
                  00009170    00000010     empty.obj (.text:htons)
                  00009180    00000010     sysbios.aem4f : BIOS.obj (.text:ti_sysbios_BIOS_getCpuFreq__E)
                  00009190    00000010                   : BIOS.obj (.text:ti_sysbios_BIOS_setThreadType__E)
                  000091a0    00000010                   : BIOS.obj (.text:ti_sysbios_BIOS_start__E)
                  000091b0    00000010     empty_pem4f.oem4f (.text:ti_sysbios_family_arm_m3_Hwi_Params__init__S)
                  000091c0    00000010     sysbios.aem4f : m3_TaskSupport_asm.obj (.text:ti_sysbios_family_arm_m3_TaskSupport_glue)
                  000091d0    00000010                   : BIOS.obj (.text:ti_sysbios_gates_GateMutex_Instance_finalize__E)
                  000091e0    00000010     empty_pem4f.oem4f (.text:ti_sysbios_knl_Mailbox_Object__get__S)
                  000091f0    00000010     sysbios.aem4f : BIOS.obj (.text:ti_sysbios_knl_Semaphore_Instance_finalize__E)
                  00009200    00000010     empty_pem4f.oem4f (.text:ti_sysbios_knl_Semaphore_Params__init__S)
                  00009210    00000010     sysbios.aem4f : BIOS.obj (.text:ti_sysbios_knl_Swi_disable__E)
                  00009220    00000010     empty_pem4f.oem4f (.text:ti_sysbios_knl_Task_Params__init__S)
                  00009230    00000010     sysbios.aem4f : BIOS.obj (.text:ti_sysbios_knl_Task_disable__E)
                  00009240    00000010     driverlib.lib : udma.obj (.text:uDMAEnable)
                  00009250    00000010     ti.targets.arm.rtsarm.aem4f : Gate.oem4f (.text:xdc_runtime_Gate_leaveSystem__E)
                  00009260    00000010                                 : Memory.oem4f (.text:xdc_runtime_Memory_free__E)
                  00009270    00000010                                 : SysMin.oem4f (.text:xdc_runtime_SysMin_ready__E)
                  00009280    00000010                                 : System.oem4f (.text:xdc_runtime_System_vsnprintf__E)
                  00009290    00000010     empty_pem4f.oem4f (.text:xdc_runtime_Text_visitRope__I)
                  000092a0    0000000e     driverlib.lib : gpio.obj (.text:GPIOIntDisable)
                  000092ae    0000000e                   : gpio.obj (.text:GPIOIntStatus)
                  000092bc    0000000e     cc3x00_host_driver.aem4f : driver.oem4f (.text:_SlDrvObjUnLock)
                  000092ca    0000000e                              : driver.oem4f (.text:_SlDrvSyncObjSignal)
                  000092d8    0000000e     rtsv7M4_T_le_v4SPD16_eabi.lib : copy_decompress_none.obj (.text:decompress:none)
                  000092e6    00000002     --HOLE-- [fill = 0]
                  000092e8    0000000e     sysbios.aem4f : BIOS.obj (.text:ti_sysbios_knl_Idle_loop__E)
                  000092f6    00000002     --HOLE-- [fill = 0]
                  000092f8    0000000e                   : BIOS.obj (.text:ti_sysbios_knl_Queue_empty__E)
                  00009306    0000000c     driverlib.lib : gpio.obj (.text:GPIOIntEnable)
                  00009312    00000006     --HOLE-- [fill = 0]
                  00009318    0000000c     empty.obj (.text:htonl)
                  00009324    0000000c     drivers_wifi_tivaware.aem4f : osi_tirtos.oem4f (.text:osi_LockObjUnlock)
                  00009330    0000000c                                 : osi_tirtos.oem4f (.text:osi_SyncObjSignal)
                  0000933c    0000000c                                 : osi_tirtos.oem4f (.text:osi_SyncObjSignalFromISR)
                  00009348    0000000c     sysbios.aem4f : BIOS.obj (.text:ti_sysbios_family_arm_lm4_Timer_getMaxTicks__E)
                  00009354    00000004     --HOLE-- [fill = 0]
                  00009358    0000000c                   : BIOS.obj (.text:ti_sysbios_family_arm_m3_Hwi_disableFxn__E)
                  00009364    00000004     --HOLE-- [fill = 0]
                  00009368    0000000c                   : BIOS.obj (.text:ti_sysbios_family_arm_m3_TaskSupport_checkStack__E)
                  00009374    00000004     --HOLE-- [fill = 0]
                  00009378    0000000c                   : BIOS.obj (.text:ti_sysbios_family_arm_m3_TaskSupport_getStackAlignment__E)
                  00009384    00000004     --HOLE-- [fill = 0]
                  00009388    0000000c                   : BIOS.obj (.text:ti_sysbios_gates_GateHwi_enter__E)
                  00009394    00000004     --HOLE-- [fill = 0]
                  00009398    0000000c     empty_pem4f.oem4f (.text:ti_sysbios_knl_Queue_Object__get__S)
                  000093a4    00000004     --HOLE-- [fill = 0]
                  000093a8    0000000c     empty.obj (.text:ti_sysbios_knl_Semaphore_handle)
                  000093b4    0000000c     driverlib.lib : udma.obj (.text:uDMAControlBaseSet)
                  000093c0    0000000c                   : udma.obj (.text:uDMAErrorStatusClear)
                  000093cc    0000000c                   : udma.obj (.text:uDMAErrorStatusGet)
                  000093d8    0000000c                   : udma.obj (.text:uDMAIntStatus)
                  000093e4    0000000c     ti.targets.arm.rtsarm.aem4f : Error.oem4f (.text:xdc_runtime_Error_init__E)
                  000093f0    0000000c                                 : Gate.oem4f (.text:xdc_runtime_Gate_enterSystem__E)
                  000093fc    0000000c                                 : Memory.oem4f (.text:xdc_runtime_Memory_calloc__E)
                  00009408    0000000c                                 : Memory.oem4f (.text:xdc_runtime_Memory_getMaxDefaultTypeAlign__E)
                  00009414    0000000a     drivers_tivaware.aem4f : SPITivaDMA.oem4f (.text:SPITivaDMA_init)
                  0000941e    0000000a                            : SPI.oem4f (.text:SPI_close)
                  00009428    0000000a                            : SPI.oem4f (.text:SPI_transfer)
                  00009432    0000000a     driverlib.lib : ssi.obj (.text:SSIDMADisable)
                  0000943c    0000000a                   : ssi.obj (.text:SSIDisable)
                  00009446    0000000a                   : ssi.obj (.text:SSIEnable)
                  00009450    0000000a                   : ssi.obj (.text:SSIIntDisable)
                  0000945a    0000000a                   : uart.obj (.text:UARTCharGet)
                  00009464    0000000a                   : uart.obj (.text:UARTCharPut)
                  0000946e    0000000a                   : uart.obj (.text:UARTDMADisable)
                  00009478    0000000a                   : uart.obj (.text:UARTIntDisable)
                  00009482    0000000a                   : uart.obj (.text:UARTIntStatus)
                  0000948c    0000000a     drivers_tivaware.aem4f : UART.oem4f (.text:UART_close)
                  00009496    0000000a                            : UART.oem4f (.text:UART_read)
                  000094a0    0000000a                            : UART.oem4f (.text:UART_write)
                  000094aa    0000000a                            : WiFi.oem4f (.text:WiFi_close)
                  000094b4    0000000a     drivers_wifi_tivaware.aem4f : osi_tirtos.oem4f (.text:osi_LockObjDelete)
                  000094be    0000000a                                 : osi_tirtos.oem4f (.text:osi_SyncObjDelete)
                  000094c8    0000000a     empty_pem4f.oem4f (.text:xdc_runtime_IHeap_alloc)
                  000094d2    00000006     --HOLE-- [fill = 0]
                  000094d8    0000000a     empty_pem4f.oem4f (.text:xdc_runtime_IHeap_free)
                  000094e2    00000006     --HOLE-- [fill = 0]
                  000094e8    00000008     EK_TM4C129EXL.obj (.text:EK_TM4C129EXL_initGPIO)
                  000094f0    00000008     driverlib.lib : ssi.obj (.text:SSIDMAEnable)
                  000094f8    00000008                   : ssi.obj (.text:SSIIntEnable)
                  00009500    00000008                   : uart.obj (.text:UARTDMAEnable)
                  00009508    00000008                   : uart.obj (.text:UARTIntEnable)
                  00009510    00000008     drivers_tivaware.aem4f : UARTTivaDMA.oem4f (.text:UARTTivaDMA_init)
                  00009518    00000008     cc3x00_host_driver.aem4f : driver.oem4f (.text:_SlDrvMemZero)
                  00009520    00000008     drivers_tivaware.aem4f : UARTTivaDMA.oem4f (.text:readSemCallback)
                  00009528    00000008     cc3x00_host_driver.aem4f : wlan.oem4f (.text:sl_WlanDisconnect)
                  00009530    00000008     sysbios.aem4f : BIOS.obj (.text:ti_sysbios_family_arm_lm4_Timer_masterDisable__I)
                  00009538    00000008                   : BIOS.obj (.text:ti_sysbios_family_arm_m3_Hwi_doSwiRestore__I)
                  00009540    00000008                   : BIOS.obj (.text:ti_sysbios_family_arm_m3_Hwi_startup__E)
                  00009548    00000008     drivers_tivaware.aem4f : UARTTivaDMA.oem4f (.text:writeSemCallback)
                  00009550    00000006     sysbios.aem4f : BIOS.obj (.text:ti_sysbios_family_arm_m3_Hwi_doTaskRestore__I)
                  00009556    00000002     --HOLE-- [fill = 0]
                  00009558    00000006                   : BIOS.obj (.text:ti_sysbios_family_arm_m3_Hwi_restoreFxn__E)
                  0000955e    00000002     --HOLE-- [fill = 0]
                  00009560    00000006                   : BIOS.obj (.text:ti_sysbios_gates_GateHwi_leave__E)
                  00009566    00000002     --HOLE-- [fill = 0]
                  00009568    00000006                   : BIOS.obj (.text:ti_sysbios_heaps_HeapMem_isBlocking__E)
                  0000956e    00000002     --HOLE-- [fill = 0]
                  00009570    00000006                   : BIOS.obj (.text:ti_sysbios_knl_Queue_Instance_init__E)
                  00009576    00000002     --HOLE-- [fill = 0]
                  00009578    00000006                   : BIOS.obj (.text:ti_sysbios_knl_Swi_startup__E)
                  0000957e    00000002     --HOLE-- [fill = 0]
                  00009580    00000004     empty_pem4f.oem4f (.text:ti_sysbios_BIOS_RtsGateProxy_enter__E)
                  00009584    00000004     --HOLE-- [fill = 0]
                  00009588    00000004     empty_pem4f.oem4f (.text:ti_sysbios_BIOS_RtsGateProxy_leave__E)
                  0000958c    00000004     --HOLE-- [fill = 0]
                  00009590    00000004     empty_pem4f.oem4f (.text:ti_sysbios_family_arm_m3_Hwi_destruct)
                  00009594    00000004     --HOLE-- [fill = 0]
                  00009598    00000004     empty_pem4f.oem4f (.text:ti_sysbios_family_arm_m3_TaskSupport_Module__startupDone__S)
                  0000959c    00000004     --HOLE-- [fill = 0]
                  000095a0    00000004     sysbios.aem4f : BIOS.obj (.text:ti_sysbios_gates_GateHwi_query__E)
                  000095a4    00000004     --HOLE-- [fill = 0]
                  000095a8    00000004                   : BIOS.obj (.text:ti_sysbios_gates_GateMutex_query__E)
                  000095ac    00000004     --HOLE-- [fill = 0]
                  000095b0    00000004     empty_pem4f.oem4f (.text:ti_sysbios_heaps_HeapMem_Module_GateProxy_enter__E)
                  000095b4    00000004     --HOLE-- [fill = 0]
                  000095b8    00000004     empty_pem4f.oem4f (.text:ti_sysbios_heaps_HeapMem_Module_GateProxy_leave__E)
                  000095bc    00000004     --HOLE-- [fill = 0]
                  000095c0    00000004     empty_pem4f.oem4f (.text:ti_sysbios_knl_Clock_TimerProxy_getMaxTicks__E)
                  000095c4    00000004     --HOLE-- [fill = 0]
                  000095c8    00000004     empty_pem4f.oem4f (.text:ti_sysbios_knl_Mailbox_delete)
                  000095cc    00000004     --HOLE-- [fill = 0]
                  000095d0    00000004     empty_pem4f.oem4f (.text:ti_sysbios_knl_Queue_destruct)
                  000095d4    00000004     --HOLE-- [fill = 0]
                  000095d8    00000004     empty_pem4f.oem4f (.text:ti_sysbios_knl_Semaphore_delete)
                  000095dc    00000004     --HOLE-- [fill = 0]
                  000095e0    00000004     empty_pem4f.oem4f (.text:ti_sysbios_knl_Semaphore_destruct)
                  000095e4    00000004     --HOLE-- [fill = 0]
                  000095e8    00000004     empty_pem4f.oem4f (.text:ti_sysbios_knl_Task_delete)
                  000095ec    00000004     --HOLE-- [fill = 0]
                  000095f0    00000004     sysbios.aem4f : BIOS.obj (.text:ti_sysbios_knl_Task_startup__E)
                  000095f4    00000004     --HOLE-- [fill = 0]
                  000095f8    00000004     empty_pem4f.oem4f (.text:xdc_runtime_System_Module_GateProxy_enter__E)
                  000095fc    00000004     --HOLE-- [fill = 0]
                  00009600    00000004     empty_pem4f.oem4f (.text:xdc_runtime_System_Module_GateProxy_leave__E)
                  00009604    00000004     --HOLE-- [fill = 0]
                  00009608    00000002     empty_pem4f.oem4f (.text:ti_sysbios_BIOS_nullFunc__I)
                  0000960a    00000006     --HOLE-- [fill = 0]
                  00009610    00000002     sysbios.aem4f : BIOS.obj (.text:ti_sysbios_gates_GateHwi_Instance_init__E)
                  00009612    00000006     --HOLE-- [fill = 0]
                  00009618    00000002                   : BIOS.obj (.text:ti_sysbios_knl_Clock_logTick__E)
                  0000961a    00000006     --HOLE-- [fill = 0]
                  00009620    00000002     empty_pem4f.oem4f (.text:xdc_runtime_Startup_reset__I)

.const     0    00009624    000024f1     
                  00009624    000018f6     empty_pem4f.oem4f (.const:xdc_runtime_Text_charTab__A)
                  0000af1a    00000002     empty_pem4f.oem4f (.const:ti_catalog_arm_cortexm4_tiva_ce_Boot_Module__id__C)
                  0000af1c    00000120     Boot.aem4f : Boot_sysctl.oem4f (.const:g_pppui32XTALtoVCO)
                  0000b03c    000000c4     empty_pem4f.oem4f (.const:xdc_runtime_Text_nodeTab__A)
                  0000b100    00000090     driverlib.lib : gpio.obj (.const:g_pui32GPIOBaseAddrs)
                  0000b190    0000006c     Boot.aem4f : Boot_sysctl.oem4f (.const:g_pui32Xtals)
                  0000b1fc    00000064     drivers_tivaware.aem4f : SPITivaDMA.oem4f (.const)
                  0000b260    00000054                            : GPIOTiva.oem4f (.const:.string)
                  0000b2b4    00000050     EK_TM4C129EXL.obj (.const:spiTivaDMAHWAttrs)
                  0000b304    00000048     empty_pem4f.oem4f (.const:.string)
                  0000b34c    00000048     drivers_tivaware.aem4f : GPIOTiva.oem4f (.const:gpioBaseAddresses)
                  0000b394    0000003c     cc3x00_host_driver.aem4f : driver.oem4f (.const:OpcodeTranslateTable)
                  0000b3d0    0000003c                              : wlan.oem4f (.const)
                  0000b40c    0000003c     empty_pem4f.oem4f (.const:ti_sysbios_knl_Task_Object__PARAMS__C)
                  0000b448    00000038     cc3x00_host_driver.aem4f : driver.oem4f (.const:_SlActionLookupTable)
                  0000b480    00000034                              : socket.oem4f (.const)
                  0000b4b4    00000034     empty_pem4f.oem4f (.const:ti_sysbios_knl_Mailbox_Object__PARAMS__C)
                  0000b4e8    00000030     Boot.aem4f : Boot_sysctl.oem4f (.const:g_sXTALtoMEMTIM)
                  0000b518    00000030     empty_pem4f.oem4f (.const:ti_sysbios_family_arm_m3_Hwi_Object__PARAMS__C)
                  0000b548    0000002c     drivers_tivaware.aem4f : UARTTivaDMA.oem4f (.const)
                  0000b574    00000028                            : UARTTivaDMA.oem4f (.const:UARTTivaDMA_fxnTable)
                  0000b59c    00000028     cc3x00_host_driver.aem4f : netapp.oem4f (.const)
                  0000b5c4    00000028     empty_pem4f.oem4f (.const:ti_sysbios_heaps_HeapMem_Module__FXNS__C)
                  0000b5ec    00000028     EK_TM4C129EXL.obj (.const:uartTivaHWAttrs)
                  0000b614    00000024     EK_TM4C129EXL.obj (.const:SPI_config)
                  0000b638    00000024     EK_TM4C129EXL.obj (.const:UART_config)
                  0000b65c    00000024     drivers_tivaware.aem4f : UART.oem4f (.const:UART_defaultParams)
                  0000b680    00000024     cc3x00_host_driver.aem4f : driver.oem4f (.const)
                  0000b6a4    00000024     empty_pem4f.oem4f (.const:ti_sysbios_gates_GateHwi_Module__FXNS__C)
                  0000b6c8    00000024     empty_pem4f.oem4f (.const:ti_sysbios_gates_GateMutex_Module__FXNS__C)
                  0000b6ec    00000024     empty_pem4f.oem4f (.const:ti_sysbios_heaps_HeapMem_Object__PARAMS__C)
                  0000b710    00000024     empty_pem4f.oem4f (.const:ti_sysbios_knl_Semaphore_Object__PARAMS__C)
                  0000b734    00000024     empty_pem4f.oem4f (.const:xdc_runtime_Startup_sfxnTab__A)
                  0000b758    00000020     drivers_tivaware.aem4f : SPI.oem4f (.const)
                  0000b778    00000020     empty_pem4f.oem4f (.const:ti_sysbios_family_arm_m3_Hwi_Object__DESC__C)
                  0000b798    00000020     empty_pem4f.oem4f (.const:ti_sysbios_gates_GateHwi_Object__DESC__C)
                  0000b7b8    00000020     empty_pem4f.oem4f (.const:ti_sysbios_gates_GateMutex_Object__DESC__C)
                  0000b7d8    00000020     empty_pem4f.oem4f (.const:ti_sysbios_heaps_HeapMem_Object__DESC__C)
                  0000b7f8    00000020     empty_pem4f.oem4f (.const:ti_sysbios_knl_Mailbox_Object__DESC__C)
                  0000b818    00000020     empty_pem4f.oem4f (.const:ti_sysbios_knl_Queue_Object__DESC__C)
                  0000b838    00000020     empty_pem4f.oem4f (.const:ti_sysbios_knl_Semaphore_Object__DESC__C)
                  0000b858    00000020     empty_pem4f.oem4f (.const:ti_sysbios_knl_Task_Object__DESC__C)
                  0000b878    0000001c     EK_TM4C129EXL.obj (.const:wiFiCC3100HWAttrs)
                  0000b894    00000018     EK_TM4C129EXL.obj (.const:WiFi_config)
                  0000b8ac    00000018     empty_pem4f.oem4f (.const:ti_sysbios_gates_GateHwi_Object__PARAMS__C)
                  0000b8c4    00000018     empty_pem4f.oem4f (.const:ti_sysbios_gates_GateMutex_Object__PARAMS__C)
                  0000b8dc    00000018     empty_pem4f.oem4f (.const:ti_sysbios_knl_Queue_Object__PARAMS__C)
                  0000b8f4    00000014     EK_TM4C129EXL.obj (.const:GPIOTiva_config)
                  0000b908    00000014     cc3x00_host_driver.aem4f : device.oem4f (.const)
                  0000b91c    00000014     empty_pem4f.oem4f (.const:xdc_runtime_Startup_firstFxns__A)
                  0000b930    00000012     empty_pem4f.oem4f (.const:xdc_runtime_Startup_sfxnRts__A)
                  0000b942    00000010     cc3x00_host_driver.aem4f : socket.oem4f (.const:.string)
                  0000b952    00000002     empty_pem4f.oem4f (.const:ti_sysbios_family_arm_m3_Hwi_Module__id__C)
                  0000b954    00000010     drivers_wifi_tivaware.aem4f : WiFiCC3100.oem4f (.const)
                  0000b964    0000000c     drivers_tivaware.aem4f : WiFi.oem4f (.const)
                  0000b970    00000008     cc3x00_host_driver.aem4f : device.oem4f (.const:.string)
                  0000b978    00000008     Boot.aem4f : Boot_sysctl.oem4f (.const)
                  0000b980    00000008     cc3x00_host_driver.aem4f : netcfg.oem4f (.const)
                  0000b988    00000008     empty_pem4f.oem4f (.const:ti_sysbios_family_arm_m3_Hwi_excHookFuncs__A)
                  0000b990    00000008     empty_pem4f.oem4f (.const:ti_sysbios_knl_Idle_funcList__C)
                  0000b998    00000008     empty_pem4f.oem4f (.const:xdc_runtime_Startup_firstFxns__C)
                  0000b9a0    00000008     empty_pem4f.oem4f (.const:xdc_runtime_Startup_lastFxns__C)
                  0000b9a8    00000004     empty_pem4f.oem4f (.const:ti_catalog_arm_cortexm4_tiva_ce_Boot_A_mustNotUseEnhancedClockMode__C)
                  0000b9ac    00000004     empty_pem4f.oem4f (.const:ti_catalog_arm_cortexm4_tiva_ce_Boot_Module__diagsEnabled__C)
                  0000b9b0    00000004     empty_pem4f.oem4f (.const:ti_catalog_arm_cortexm4_tiva_ce_Boot_Module__diagsIncluded__C)
                  0000b9b4    00000004     empty_pem4f.oem4f (.const:ti_catalog_arm_cortexm4_tiva_ce_Boot_Module__diagsMask__C)
                  0000b9b8    00000004     empty_pem4f.oem4f (.const:ti_sysbios_family_arm_lm4_Timer_enableFunc__C)
                  0000b9bc    00000004     empty_pem4f.oem4f (.const:ti_sysbios_family_arm_lm4_Timer_numTimerDevices__C)
                  0000b9c0    00000004     empty_pem4f.oem4f (.const:ti_sysbios_family_arm_lm4_Timer_startupNeeded__C)
                  0000b9c4    00000004     empty_pem4f.oem4f (.const:ti_sysbios_family_arm_m3_Hwi_E_NMI__C)
                  0000b9c8    00000004     empty_pem4f.oem4f (.const:ti_sysbios_family_arm_m3_Hwi_E_alreadyDefined__C)
                  0000b9cc    00000004     empty_pem4f.oem4f (.const:ti_sysbios_family_arm_m3_Hwi_E_busFault__C)
                  0000b9d0    00000004     empty_pem4f.oem4f (.const:ti_sysbios_family_arm_m3_Hwi_E_debugMon__C)
                  0000b9d4    00000004     empty_pem4f.oem4f (.const:ti_sysbios_family_arm_m3_Hwi_E_hardFault__C)
                  0000b9d8    00000004     empty_pem4f.oem4f (.const:ti_sysbios_family_arm_m3_Hwi_E_memFault__C)
                  0000b9dc    00000004     empty_pem4f.oem4f (.const:ti_sysbios_family_arm_m3_Hwi_E_noIsr__C)
                  0000b9e0    00000004     empty_pem4f.oem4f (.const:ti_sysbios_family_arm_m3_Hwi_E_reserved__C)
                  0000b9e4    00000004     empty_pem4f.oem4f (.const:ti_sysbios_family_arm_m3_Hwi_E_svCall__C)
                  0000b9e8    00000004     empty_pem4f.oem4f (.const:ti_sysbios_family_arm_m3_Hwi_E_usageFault__C)
                  0000b9ec    00000004     empty_pem4f.oem4f (.const:ti_sysbios_family_arm_m3_Hwi_NUM_INTERRUPTS__C)
                  0000b9f0    00000004     empty_pem4f.oem4f (.const:ti_sysbios_family_arm_m3_Hwi_Object__count__C)
                  0000b9f4    00000004     empty_pem4f.oem4f (.const:ti_sysbios_family_arm_m3_Hwi_ccr__C)
                  0000b9f8    00000004     empty_pem4f.oem4f (.const:ti_sysbios_family_arm_m3_Hwi_excHandlerFunc__C)
                  0000b9fc    00000004     empty_pem4f.oem4f (.const:ti_sysbios_family_arm_m3_Hwi_excHookFuncs__C)
                  0000ba00    00000004     empty_pem4f.oem4f (.const:ti_sysbios_family_arm_m3_Hwi_nullIsrFunc__C)
                  0000ba04    00000004     empty_pem4f.oem4f (.const:ti_sysbios_family_arm_m3_Hwi_priGroup__C)
                  0000ba08    00000004     empty_pem4f.oem4f (.const:ti_sysbios_family_arm_m3_TaskSupport_stackAlignment__C)
                  0000ba0c    00000004     empty_pem4f.oem4f (.const:ti_sysbios_gates_GateMutex_Instance_State_sem__O)
                  0000ba10    00000004     empty_pem4f.oem4f (.const:ti_sysbios_hal_Hwi_E_stackOverflow__C)
                  0000ba14    00000004     empty_pem4f.oem4f (.const:ti_sysbios_heaps_HeapMem_E_memory__C)
                  0000ba18    00000004     empty_pem4f.oem4f (.const:ti_sysbios_heaps_HeapMem_Module__gateObj__C)
                  0000ba1c    00000004     empty_pem4f.oem4f (.const:ti_sysbios_heaps_HeapMem_Object__count__C)
                  0000ba20    00000004     empty_pem4f.oem4f (.const:ti_sysbios_heaps_HeapMem_reqAlign__C)
                  0000ba24    00000004     empty_pem4f.oem4f (.const:ti_sysbios_knl_Clock_Module_State_clockQ__O)
                  0000ba28    00000004     empty_pem4f.oem4f (.const:ti_sysbios_knl_Clock_tickPeriod__C)
                  0000ba2c    00000004     empty_pem4f.oem4f (.const:ti_sysbios_knl_Idle_funcList__A)
                  0000ba30    00000004     empty_pem4f.oem4f (.const:ti_sysbios_knl_Mailbox_Instance_State_dataQue__O)
                  0000ba34    00000004     empty_pem4f.oem4f (.const:ti_sysbios_knl_Mailbox_Instance_State_dataSem__O)
                  0000ba38    00000004     empty_pem4f.oem4f (.const:ti_sysbios_knl_Mailbox_Instance_State_freeQue__O)
                  0000ba3c    00000004     empty_pem4f.oem4f (.const:ti_sysbios_knl_Mailbox_Instance_State_freeSem__O)
                  0000ba40    00000004     empty_pem4f.oem4f (.const:ti_sysbios_knl_Mailbox_Object__count__C)
                  0000ba44    00000004     empty_pem4f.oem4f (.const:ti_sysbios_knl_Mailbox_maxTypeAlign__C)
                  0000ba48    00000004     empty_pem4f.oem4f (.const:ti_sysbios_knl_Semaphore_Instance_State_pendQ__O)
                  0000ba4c    00000004     empty_pem4f.oem4f (.const:ti_sysbios_knl_Swi_Object__count__C)
                  0000ba50    00000004     empty_pem4f.oem4f (.const:ti_sysbios_knl_Task_E_spOutOfBounds__C)
                  0000ba54    00000004     empty_pem4f.oem4f (.const:ti_sysbios_knl_Task_E_stackOverflow__C)
                  0000ba58    00000004     empty_pem4f.oem4f (.const:ti_sysbios_knl_Task_Module_State_inactiveQ__O)
                  0000ba5c    00000004     empty_pem4f.oem4f (.const:ti_sysbios_knl_Task_Object__count__C)
                  0000ba60    00000004     empty_pem4f.oem4f (.const:ti_sysbios_knl_Task_allBlockedFunc__C)
                  0000ba64    00000004     empty_pem4f.oem4f (.const:ti_sysbios_knl_Task_defaultStackHeap__C)
                  0000ba68    00000004     empty_pem4f.oem4f (.const:ti_sysbios_knl_Task_defaultStackSize__C)
                  0000ba6c    00000004     empty_pem4f.oem4f (.const:ti_sysbios_knl_Task_numConstructedTasks__C)
                  0000ba70    00000004     empty_pem4f.oem4f (.const:xdc_runtime_Assert_E_assertFailed__C)
                  0000ba74    00000004     empty_pem4f.oem4f (.const:xdc_runtime_Core_A_initializedParams__C)
                  0000ba78    00000004     empty_pem4f.oem4f (.const:xdc_runtime_Core_Module__diagsEnabled__C)
                  0000ba7c    00000004     empty_pem4f.oem4f (.const:xdc_runtime_Core_Module__diagsIncluded__C)
                  0000ba80    00000004     empty_pem4f.oem4f (.const:xdc_runtime_Core_Module__diagsMask__C)
                  0000ba84    00000004     empty_pem4f.oem4f (.const:xdc_runtime_Error_E_memory__C)
                  0000ba88    00000004     empty_pem4f.oem4f (.const:xdc_runtime_Error_Module__diagsEnabled__C)
                  0000ba8c    00000004     empty_pem4f.oem4f (.const:xdc_runtime_Error_Module__diagsIncluded__C)
                  0000ba90    00000004     empty_pem4f.oem4f (.const:xdc_runtime_Error_Module__diagsMask__C)
                  0000ba94    00000004     empty_pem4f.oem4f (.const:xdc_runtime_Error_Module__loggerFxn8__C)
                  0000ba98    00000004     empty_pem4f.oem4f (.const:xdc_runtime_Error_Module__loggerObj__C)
                  0000ba9c    00000004     empty_pem4f.oem4f (.const:xdc_runtime_Error_policyFxn__C)
                  0000baa0    00000004     empty_pem4f.oem4f (.const:xdc_runtime_Error_raiseHook__C)
                  0000baa4    00000004     empty_pem4f.oem4f (.const:xdc_runtime_IGateProvider_Interface__BASE__C)
                  0000baa8    00000004     empty_pem4f.oem4f (.const:xdc_runtime_IHeap_Interface__BASE__C)
                  0000baac    00000004     empty_pem4f.oem4f (.const:xdc_runtime_IModule_Interface__BASE__C)
                  0000bab0    00000004     empty_pem4f.oem4f (.const:xdc_runtime_Log_L_error__C)
                  0000bab4    00000004     empty_pem4f.oem4f (.const:xdc_runtime_Memory_defaultHeapInstance__C)
                  0000bab8    00000004     empty_pem4f.oem4f (.const:xdc_runtime_Startup_execImpl__C)
                  0000babc    00000004     empty_pem4f.oem4f (.const:xdc_runtime_Startup_maxPasses__C)
                  0000bac0    00000004     empty_pem4f.oem4f (.const:xdc_runtime_Startup_sfxnRts__C)
                  0000bac4    00000004     empty_pem4f.oem4f (.const:xdc_runtime_Startup_sfxnTab__C)
                  0000bac8    00000004     empty_pem4f.oem4f (.const:xdc_runtime_SysMin_bufSize__C)
                  0000bacc    00000004     empty_pem4f.oem4f (.const:xdc_runtime_SysMin_outputFunc__C)
                  0000bad0    00000004     empty_pem4f.oem4f (.const:xdc_runtime_System_Module__gateObj__C)
                  0000bad4    00000004     empty_pem4f.oem4f (.const:xdc_runtime_System_abortFxn__C)
                  0000bad8    00000004     empty_pem4f.oem4f (.const:xdc_runtime_System_exitFxn__C)
                  0000badc    00000004     empty_pem4f.oem4f (.const:xdc_runtime_System_extendFxn__C)
                  0000bae0    00000004     empty_pem4f.oem4f (.const:xdc_runtime_System_maxAtexitHandlers__C)
                  0000bae4    00000004     empty_pem4f.oem4f (.const:xdc_runtime_Text_charTab__C)
                  0000bae8    00000004     empty_pem4f.oem4f (.const:xdc_runtime_Text_nameEmpty__C)
                  0000baec    00000004     empty_pem4f.oem4f (.const:xdc_runtime_Text_nameStatic__C)
                  0000baf0    00000004     empty_pem4f.oem4f (.const:xdc_runtime_Text_nameUnknown__C)
                  0000baf4    00000004     empty_pem4f.oem4f (.const:xdc_runtime_Text_nodeTab__C)
                  0000baf8    00000004     empty_pem4f.oem4f (.const:xdc_runtime_Text_visitRopeFxn__C)
                  0000bafc    00000002     empty_pem4f.oem4f (.const:ti_sysbios_hal_Hwi_Module__id__C)
                  0000bafe    00000002     empty_pem4f.oem4f (.const:ti_sysbios_heaps_HeapMem_Module__id__C)
                  0000bb00    00000002     empty_pem4f.oem4f (.const:ti_sysbios_knl_Task_Module__id__C)
                  0000bb02    00000002     empty_pem4f.oem4f (.const:xdc_runtime_Core_Module__id__C)
                  0000bb04    00000002     empty_pem4f.oem4f (.const:xdc_runtime_Error_Module__loggerDefined__C)
                  0000bb06    00000002     empty_pem4f.oem4f (.const:xdc_runtime_Error_maxDepth__C)
                  0000bb08    00000002     empty_pem4f.oem4f (.const:xdc_runtime_Memory_Module__id__C)
                  0000bb0a    00000002     empty_pem4f.oem4f (.const:xdc_runtime_SysMin_flushAtExit__C)
                  0000bb0c    00000002     empty_pem4f.oem4f (.const:xdc_runtime_Text_charCnt__C)
                  0000bb0e    00000002     empty_pem4f.oem4f (.const:xdc_runtime_Text_isLoaded__C)
                  0000bb10    00000002     empty_pem4f.oem4f (.const:xdc_runtime_Text_registryModsLastId__C)
                  0000bb12    00000002     empty_pem4f.oem4f (.const:xdc_runtime_Text_unnamedModsLastId__C)
[...]
0000b5ac  _SlGetHostByServiceCtrl                                              
0000b5b0  _SlGetHostByNameCtrl                                                 
0000b5b4  _SlNetAppSetCmdCtrl                                                  
0000b5b8  _SlNetAppSendTokenValueCmdCtrl                                       
0000b5bc  _SlNetAppGetCmdCtrl                                                  
0000b5c4  ti_sysbios_heaps_HeapMem_Module__FXNS__C                             
0000b5ec  uartTivaHWAttrs                                                      
0000b614  SPI_config                                                           
0000b638  UART_config                                                          
0000b65c  UART_defaultParams                                                   
0000b680  RxMsgClassLUT                                                        
0000b6a4  ti_sysbios_gates_GateHwi_Module__FXNS__C                             
0000b6c8  ti_sysbios_gates_GateMutex_Module__FXNS__C                           
0000b6ec  ti_sysbios_heaps_HeapMem_Object__PARAMS__C                           
0000b710  ti_sysbios_knl_Semaphore_Object__PARAMS__C                           
0000b734  xdc_runtime_Startup_sfxnTab__A                                       
0000b758  SPI_defaultParams                                                    
0000b778  ti_sysbios_family_arm_m3_Hwi_Object__DESC__C                         
0000b798  ti_sysbios_gates_GateHwi_Object__DESC__C                             
0000b7b8  ti_sysbios_gates_GateMutex_Object__DESC__C                           
0000b7d8  ti_sysbios_heaps_HeapMem_Object__DESC__C                             
0000b7f8  ti_sysbios_knl_Mailbox_Object__DESC__C                               
0000b818  ti_sysbios_knl_Queue_Object__DESC__C                                 
0000b838  ti_sysbios_knl_Semaphore_Object__DESC__C                             
0000b858  ti_sysbios_knl_Task_Object__DESC__C                                  
0000b878  wiFiCC3100HWAttrs                                                    
0000b894  WiFi_config                                                          
0000b8ac  ti_sysbios_gates_GateHwi_Object__PARAMS__C                           
0000b8c4  ti_sysbios_gates_GateMutex_Object__PARAMS__C                         
0000b8dc  ti_sysbios_knl_Queue_Object__PARAMS__C                               
0000b8f4  GPIOTiva_config                                                      
0000b908  _SlStopCmdCtrl                                                       
0000b90c  _SlEventMaskSetCmdCtrl                                               
0000b910  _SlEventMaskGetCmdCtrl                                               
0000b914  _SlDeviceGetCmdCtrl                                                  
0000b918  _SlDeviceSetCmdCtrl                                                  
0000b91c  xdc_runtime_Startup_firstFxns__A                                     
0000b930  xdc_runtime_Startup_sfxnRts__A                                       
0000b942  _SlPayloadByProtocolLUT                                              
0000b952  ti_sysbios_family_arm_m3_Hwi_Module__id__C                           
0000b954  WiFiCC3100_fxnTable                                                  
0000b964  WiFi_defaultParams                                                   
0000b970  StartResponseLUT                                                     
0000b980  _SlNetCfgSetCmdCtrl                                                  
0000b984  _SlNetCfgGetCmdCtrl                                                  
0000b988  ti_sysbios_family_arm_m3_Hwi_excHookFuncs__A                         
0000b990  ti_sysbios_knl_Idle_funcList__C                                      
0000b998  xdc_runtime_Startup_firstFxns__C                                     
0000b9a0  xdc_runtime_Startup_lastFxns__C                                      
0000b9a8  ti_catalog_arm_cortexm4_tiva_ce_Boot_A_mustNotUseEnhancedClockMode__C
0000b9ac  ti_catalog_arm_cortexm4_tiva_ce_Boot_Module__diagsEnabled__C         
0000b9b0  ti_catalog_arm_cortexm4_tiva_ce_Boot_Module__diagsIncluded__C        
0000b9b4  ti_catalog_arm_cortexm4_tiva_ce_Boot_Module__diagsMask__C            
0000b9b8  ti_sysbios_family_arm_lm4_Timer_enableFunc__C                        
0000b9bc  ti_sysbios_family_arm_lm4_Timer_numTimerDevices__C                   
0000b9c0  ti_sysbios_family_arm_lm4_Timer_startupNeeded__C                     
0000b9c4  ti_sysbios_family_arm_m3_Hwi_E_NMI__C                                
0000b9c8  ti_sysbios_family_arm_m3_Hwi_E_alreadyDefined__C                     
0000b9cc  ti_sysbios_family_arm_m3_Hwi_E_busFault__C                           
0000b9d0  ti_sysbios_family_arm_m3_Hwi_E_debugMon__C                           
0000b9d4  ti_sysbios_family_arm_m3_Hwi_E_hardFault__C                          
0000b9d8  ti_sysbios_family_arm_m3_Hwi_E_memFault__C                           
0000b9dc  ti_sysbios_family_arm_m3_Hwi_E_noIsr__C                              
0000b9e0  ti_sysbios_family_arm_m3_Hwi_E_reserved__C                           
0000b9e4  ti_sysbios_family_arm_m3_Hwi_E_svCall__C                             
0000b9e8  ti_sysbios_family_arm_m3_Hwi_E_usageFault__C                         
0000b9ec  ti_sysbios_family_arm_m3_Hwi_NUM_INTERRUPTS__C                       
0000b9f0  ti_sysbios_family_arm_m3_Hwi_Object__count__C                        
0000b9f4  ti_sysbios_family_arm_m3_Hwi_ccr__C                                  
0000b9f8  ti_sysbios_family_arm_m3_Hwi_excHandlerFunc__C                       
0000b9fc  ti_sysbios_family_arm_m3_Hwi_excHookFuncs__C                         
0000ba00  ti_sysbios_family_arm_m3_Hwi_nullIsrFunc__C                          
0000ba04  ti_sysbios_family_arm_m3_Hwi_priGroup__C                             
0000ba08  ti_sysbios_family_arm_m3_TaskSupport_stackAlignment__C               
0000ba0c  ti_sysbios_gates_GateMutex_Instance_State_sem__O                     
0000ba10  ti_sysbios_hal_Hwi_E_stackOverflow__C                                
0000ba14  ti_sysbios_heaps_HeapMem_E_memory__C                                 
0000ba18  ti_sysbios_heaps_HeapMem_Module__gateObj__C                          
0000ba1c  ti_sysbios_heaps_HeapMem_Object__count__C                            
0000ba20  ti_sysbios_heaps_HeapMem_reqAlign__C                                 
0000ba24  ti_sysbios_knl_Clock_Module_State_clockQ__O                          
0000ba28  ti_sysbios_knl_Clock_tickPeriod__C                                   
0000ba2c  ti_sysbios_knl_Idle_funcList__A                                      
0000ba30  ti_sysbios_knl_Mailbox_Instance_State_dataQue__O                     
0000ba34  ti_sysbios_knl_Mailbox_Instance_State_dataSem__O                     
0000ba38  ti_sysbios_knl_Mailbox_Instance_State_freeQue__O                     
0000ba3c  ti_sysbios_knl_Mailbox_Instance_State_freeSem__O                     
0000ba40  ti_sysbios_knl_Mailbox_Object__count__C                              
0000ba44  ti_sysbios_knl_Mailbox_maxTypeAlign__C                               
0000ba48  ti_sysbios_knl_Semaphore_Instance_State_pendQ__O                     
0000ba4c  ti_sysbios_knl_Swi_Object__count__C                                  
0000ba50  ti_sysbios_knl_Task_E_spOutOfBounds__C                               
0000ba54  ti_sysbios_knl_Task_E_stackOverflow__C                               
0000ba58  ti_sysbios_knl_Task_Module_State_inactiveQ__O                        
0000ba5c  ti_sysbios_knl_Task_Object__count__C                                 
0000ba60  ti_sysbios_knl_Task_allBlockedFunc__C                                
0000ba64  ti_sysbios_knl_Task_defaultStackHeap__C                              
0000ba68  ti_sysbios_knl_Task_defaultStackSize__C                              
0000ba6c  ti_sysbios_knl_Task_numConstructedTasks__C                           
0000ba70  xdc_runtime_Assert_E_assertFailed__C                                 
0000ba74  xdc_runtime_Core_A_initializedParams__C                              
0000ba78  xdc_runtime_Core_Module__diagsEnabled__C                             
0000ba7c  xdc_runtime_Core_Module__diagsIncluded__C                            
0000ba80  xdc_runtime_Core_Module__diagsMask__C                                
0000ba84  xdc_runtime_Error_E_memory__C                                        
0000ba88  xdc_runtime_Error_Module__diagsEnabled__C                            
0000ba8c  xdc_runtime_Error_Module__diagsIncluded__C                           
0000ba90  xdc_runtime_Error_Module__diagsMask__C                               
0000ba94  xdc_runtime_Error_Module__loggerFxn8__C                              
0000ba98  xdc_runtime_Error_Module__loggerObj__C                               
0000ba9c  xdc_runtime_Error_policyFxn__C                                       
0000baa0  xdc_runtime_Error_raiseHook__C                                       
0000baa4  xdc_runtime_IGateProvider_Interface__BASE__C                         
0000baa8  xdc_runtime_IHeap_Interface__BASE__C                                 
0000baac  xdc_runtime_IModule_Interface__BASE__C                               
0000bab0  xdc_runtime_Log_L_error__C                                           
0000bab4  xdc_runtime_Memory_defaultHeapInstance__C                            
0000bab8  xdc_runtime_Startup_execImpl__C                                      
0000babc  xdc_runtime_Startup_maxPasses__C                                     
0000bac0  xdc_runtime_Startup_sfxnRts__C                                       
0000bac4  xdc_runtime_Startup_sfxnTab__C                                       
0000bac8  xdc_runtime_SysMin_bufSize__C                                        
0000bacc  xdc_runtime_SysMin_outputFunc__C                                     
0000bad0  xdc_runtime_System_Module__gateObj__C                                
0000bad4  xdc_runtime_System_abortFxn__C                                       
0000bad8  xdc_runtime_System_exitFxn__C                                        
0000badc  xdc_runtime_System_extendFxn__C                                      
0000bae0  xdc_runtime_System_maxAtexitHandlers__C                              
0000bae4  xdc_runtime_Text_charTab__C                                          
0000bae8  xdc_runtime_Text_nameEmpty__C                                        
0000baec  xdc_runtime_Text_nameStatic__C                                       
0000baf0  xdc_runtime_Text_nameUnknown__C                                      
0000baf4  xdc_runtime_Text_nodeTab__C                                          
0000baf8  xdc_runtime_Text_visitRopeFxn__C                                     
0000bafc  ti_sysbios_hal_Hwi_Module__id__C                                     
0000bafe  ti_sysbios_heaps_HeapMem_Module__id__C                               
0000bb00  ti_sysbios_knl_Task_Module__id__C                                    
0000bb02  xdc_runtime_Core_Module__id__C                                       
0000bb04  xdc_runtime_Error_Module__loggerDefined__C                           
0000bb06  xdc_runtime_Error_maxDepth__C                                        
0000bb08  xdc_runtime_Memory_Module__id__C                                     
0000bb0a  xdc_runtime_SysMin_flushAtExit__C                                    
0000bb0c  xdc_runtime_Text_charCnt__C                                          
0000bb0e  xdc_runtime_Text_isLoaded__C                                         
0000bb10  xdc_runtime_Text_registryModsLastId__C                               
0000bb12  xdc_runtime_Text_unnamedModsLastId__C                                
0000bb14  xdc_runtime_Error_policy__C                                          
0000bb18  __TI_static_base__                                                   
0000c064  __TI_Handler_Table_Base                                              
0000c06c  __TI_CINIT_Base                                                      
0000c06c  __TI_Handler_Table_Limit                                             
0000c084  __TI_CINIT_Limit                                                     
20000000  ti_sysbios_family_arm_m3_Hwi_ramVectors                              
20000400  motorTaskStack                                                       
20002400  tcpTaskStack                                                         
20004400  ti_sysbios_heaps_HeapMem_Instance_State_0_buf__A                     
20006400  ti_sysbios_family_arm_m3_Hwi_dispatchTable                           
20006760  spiTivaDMAObjects                                                    
20006a00  ti_sysbios_knl_Task_Instance_State_0_stack__A                        
20006c00  xdc_runtime_SysMin_Module_State_0_outbuf__A                          
20006e00  __CIOBUF_                                                            
20006f20  uartTivaObjects                                                      
200070b8  motorTaskStruct                                                      
20007108  tcpTaskStruct                                                        
20007158  wiFiCC3100Objects                                                    
20007188  Detections                                                           
200071ac  G_STATUS_REG                                                         
200071d0  G_CTRL_REG                                                           
2000720c  G_DRIVE_REG                                                          
20007228  dataBuffer                                                           
20007244  semStruct                                                            
20007260  G_STALL_REG                                                          
20007270  G_BLANK_REG                                                          
2000727c  G_DECAY_REG                                                          
20007288  G_OFF_REG                                                            
20007294  G_TORQUE_REG                                                         
200072a0  data                                                                 
200072a8  SimpleLinkSpawnTaskHndl                                              
200072ac  Temperature                                                          
200072b0  TimeStamp                                                            
200072b8  semHandle                                                            
200072bc  simpleLink_mailbox                                                   
200072c0  spiTivaDMAscratchBuf                                                 
200072c8  NbDet                                                                
200072c9  RxIrqCnt                                                             
200074cc  ti_sysbios_knl_Swi_Module_State_0_readyQ__A                          
2000754c  ti_sysbios_knl_Task_Module_State_0_readyQ__A                         
200075cc  ti_sysbios_knl_Task_Object__table__V                                 
20007618  ti_sysbios_knl_Task_Module__state__V                                 
2000765c  ti_sysbios_family_arm_lm4_Timer_Module_State_0_device__A             
2000769c  ti_sysbios_family_arm_lm4_Timer_Object__table__V                     
200076dc  ti_sysbios_gates_GateMutex_Object__table__V                          
20007714  ti_sysbios_family_arm_m3_Hwi_Module__state__V                        
20007748  ti_sysbios_knl_Swi_Object__table__V                                  
20007778  ti_sysbios_knl_Clock_Module__state__V                                
200077a4  ti_sysbios_BIOS_Module__state__V                                     
200077c8  ti_sysbios_family_arm_lm4_Timer_Module_State_0_handles__A            
200077e8  gpioPinConfigs                                                       
20007804  ti_sysbios_knl_Swi_Module__state__V                                  
20007820  g_H2NSyncPattern                                                     
20007828  g_H2NCnysPattern                                                     
20007830  g_pCB                                                                
20007834  pPingCallBackFunc                                                    
20007838  gFirstCmdMode                                                        
20007839  deviceConnected                                                      
2000783a  ipAcquired                                                           
2000783b  smartConfigFlag                                                      
2000783c  ti_sysbios_family_arm_m3_Hwi_Object__table__V                        
20007854  ti_sysbios_heaps_HeapMem_Object__table__V                            
2000786c  __TI_cleanup_ptr                                                     
20007870  __TI_dtors_ptr                                                       
20007874  __TI_enable_exit_profile_output                                      
20007878  ti_sysbios_family_arm_lm4_Timer_Module__state__V                     
20007884  xdc_runtime_SysMin_Module__state__V                                  
20007890  _lock                                                                
20007894  _unlock                                                              
20007898  gpioCallbackFunctions                                                
200078a0  ti_sysbios_family_arm_m3_Hwi_Module__root__V                         
200078a8  ti_sysbios_gates_GateHwi_Module__root__V                             
200078b0  ti_sysbios_gates_GateMutex_Module__root__V                           
200078b8  ti_sysbios_heaps_HeapMem_Module__root__V                             
200078c0  ti_sysbios_knl_Mailbox_Module__root__V                               
200078c8  ti_sysbios_knl_Queue_Module__root__V                                 
200078d0  ti_sysbios_knl_Semaphore_Module__root__V                             
200078d8  ti_sysbios_knl_Task_Module__root__V                                  
200078e0  xdc_runtime_Registry_Module__state__V                                
200078e8  xdc_runtime_Startup_Module__state__V                                 
200078f0  xdc_runtime_System_Module_State_0_atexitHandlers__A                  
200078f8  xdc_runtime_System_Module__state__V                                  
20007906  ti_sysbios_family_arm_m3_Hwi_Module_State_0_excActive__A             
20007918  steps                                                                
2000791c  main_func_sp                                                         
20007920  ti_sysbios_family_arm_m3_Hwi_Module_State_0_excContext__A            
20007924  ti_sysbios_family_arm_m3_Hwi_Module_State_0_excStack__A              
20007928  ti_sysbios_gates_GateHwi_Object__table__V                            
2000792c  ti_sysbios_knl_Task_Module_State_0_idleTask__A                       
20007930  xdc_runtime_Memory_Module__state__V                                  
20007934  xdc_runtime_Error_Module__state__V                                   
20007938  __stack                                                              
20007d38  __STACK_END                                                          
e000e000  ti_sysbios_family_arm_m3_Hwi_nvic                                    
ffffffff  __TI_pprof_out_hndl                                                  
ffffffff  __TI_prof_data_size                                                  
ffffffff  __TI_prof_data_start                                                 
ffffffff  __binit__                                                            
ffffffff  __c_args__                                                           
ffffffff  binit                                                                
UNDEFED   SHT$$INIT_ARRAY$$Base                                                
UNDEFED   SHT$$INIT_ARRAY$$Limit                                               

[824 symbols]
